Archive member included to satisfy reference by file (symbol)

C:/ST/STM32CubeIDE_1.15.0/STM32CubeIDE/plugins/com.st.stm32cube.ide.mcu.externaltools.gnu-tools-for-stm32.12.3.rel1.win32_1.0.200.202406191623/tools/bin/../lib/gcc/arm-none-eabi/12.3.1/../../../../arm-none-eabi/lib/thumb/v7e-m+fp/hard\libc_nano.a(libc_a-exit.o)
                              C:/ST/STM32CubeIDE_1.15.0/STM32CubeIDE/plugins/com.st.stm32cube.ide.mcu.externaltools.gnu-tools-for-stm32.12.3.rel1.win32_1.0.200.202406191623/tools/bin/../lib/gcc/arm-none-eabi/12.3.1/../../../../arm-none-eabi/lib/thumb/v7e-m+fp/hard/crt0.o (exit)
C:/ST/STM32CubeIDE_1.15.0/STM32CubeIDE/plugins/com.st.stm32cube.ide.mcu.externaltools.gnu-tools-for-stm32.12.3.rel1.win32_1.0.200.202406191623/tools/bin/../lib/gcc/arm-none-eabi/12.3.1/../../../../arm-none-eabi/lib/thumb/v7e-m+fp/hard\libc_nano.a(libc_a-findfp.o)
                              ./Middlewares/Third_Party/FreeRTOS/Source/tasks.o (__sf)
C:/ST/STM32CubeIDE_1.15.0/STM32CubeIDE/plugins/com.st.stm32cube.ide.mcu.externaltools.gnu-tools-for-stm32.12.3.rel1.win32_1.0.200.202406191623/tools/bin/../lib/gcc/arm-none-eabi/12.3.1/../../../../arm-none-eabi/lib/thumb/v7e-m+fp/hard\libc_nano.a(libc_a-fwalk.o)
                              C:/ST/STM32CubeIDE_1.15.0/STM32CubeIDE/plugins/com.st.stm32cube.ide.mcu.externaltools.gnu-tools-for-stm32.12.3.rel1.win32_1.0.200.202406191623/tools/bin/../lib/gcc/arm-none-eabi/12.3.1/../../../../arm-none-eabi/lib/thumb/v7e-m+fp/hard\libc_nano.a(libc_a-findfp.o) (_fwalk_sglue)
C:/ST/STM32CubeIDE_1.15.0/STM32CubeIDE/plugins/com.st.stm32cube.ide.mcu.externaltools.gnu-tools-for-stm32.12.3.rel1.win32_1.0.200.202406191623/tools/bin/../lib/gcc/arm-none-eabi/12.3.1/../../../../arm-none-eabi/lib/thumb/v7e-m+fp/hard\libc_nano.a(libc_a-printf.o)
                              ./Core/Src/main.o (printf)
C:/ST/STM32CubeIDE_1.15.0/STM32CubeIDE/plugins/com.st.stm32cube.ide.mcu.externaltools.gnu-tools-for-stm32.12.3.rel1.win32_1.0.200.202406191623/tools/bin/../lib/gcc/arm-none-eabi/12.3.1/../../../../arm-none-eabi/lib/thumb/v7e-m+fp/hard\libc_nano.a(libc_a-stdio.o)
                              C:/ST/STM32CubeIDE_1.15.0/STM32CubeIDE/plugins/com.st.stm32cube.ide.mcu.externaltools.gnu-tools-for-stm32.12.3.rel1.win32_1.0.200.202406191623/tools/bin/../lib/gcc/arm-none-eabi/12.3.1/../../../../arm-none-eabi/lib/thumb/v7e-m+fp/hard\libc_nano.a(libc_a-findfp.o) (__sread)
C:/ST/STM32CubeIDE_1.15.0/STM32CubeIDE/plugins/com.st.stm32cube.ide.mcu.externaltools.gnu-tools-for-stm32.12.3.rel1.win32_1.0.200.202406191623/tools/bin/../lib/gcc/arm-none-eabi/12.3.1/../../../../arm-none-eabi/lib/thumb/v7e-m+fp/hard\libc_nano.a(libc_a-memset.o)
                              C:/ST/STM32CubeIDE_1.15.0/STM32CubeIDE/plugins/com.st.stm32cube.ide.mcu.externaltools.gnu-tools-for-stm32.12.3.rel1.win32_1.0.200.202406191623/tools/bin/../lib/gcc/arm-none-eabi/12.3.1/../../../../arm-none-eabi/lib/thumb/v7e-m+fp/hard/crt0.o (memset)
C:/ST/STM32CubeIDE_1.15.0/STM32CubeIDE/plugins/com.st.stm32cube.ide.mcu.externaltools.gnu-tools-for-stm32.12.3.rel1.win32_1.0.200.202406191623/tools/bin/../lib/gcc/arm-none-eabi/12.3.1/../../../../arm-none-eabi/lib/thumb/v7e-m+fp/hard\libc_nano.a(libc_a-closer.o)
                              C:/ST/STM32CubeIDE_1.15.0/STM32CubeIDE/plugins/com.st.stm32cube.ide.mcu.externaltools.gnu-tools-for-stm32.12.3.rel1.win32_1.0.200.202406191623/tools/bin/../lib/gcc/arm-none-eabi/12.3.1/../../../../arm-none-eabi/lib/thumb/v7e-m+fp/hard\libc_nano.a(libc_a-stdio.o) (_close_r)
C:/ST/STM32CubeIDE_1.15.0/STM32CubeIDE/plugins/com.st.stm32cube.ide.mcu.externaltools.gnu-tools-for-stm32.12.3.rel1.win32_1.0.200.202406191623/tools/bin/../lib/gcc/arm-none-eabi/12.3.1/../../../../arm-none-eabi/lib/thumb/v7e-m+fp/hard\libc_nano.a(libc_a-reent.o)
                              ./Middlewares/Third_Party/FreeRTOS/Source/tasks.o (_reclaim_reent)
C:/ST/STM32CubeIDE_1.15.0/STM32CubeIDE/plugins/com.st.stm32cube.ide.mcu.externaltools.gnu-tools-for-stm32.12.3.rel1.win32_1.0.200.202406191623/tools/bin/../lib/gcc/arm-none-eabi/12.3.1/../../../../arm-none-eabi/lib/thumb/v7e-m+fp/hard\libc_nano.a(libc_a-impure.o)
                              ./Middlewares/Third_Party/FreeRTOS/Source/tasks.o (_impure_ptr)
C:/ST/STM32CubeIDE_1.15.0/STM32CubeIDE/plugins/com.st.stm32cube.ide.mcu.externaltools.gnu-tools-for-stm32.12.3.rel1.win32_1.0.200.202406191623/tools/bin/../lib/gcc/arm-none-eabi/12.3.1/../../../../arm-none-eabi/lib/thumb/v7e-m+fp/hard\libc_nano.a(libc_a-lseekr.o)
                              C:/ST/STM32CubeIDE_1.15.0/STM32CubeIDE/plugins/com.st.stm32cube.ide.mcu.externaltools.gnu-tools-for-stm32.12.3.rel1.win32_1.0.200.202406191623/tools/bin/../lib/gcc/arm-none-eabi/12.3.1/../../../../arm-none-eabi/lib/thumb/v7e-m+fp/hard\libc_nano.a(libc_a-stdio.o) (_lseek_r)
[...]
Memory Configuration

Name             Origin             Length             Attributes
RAM              0x20000000         0x00020000         xrw
FLASH            0x08000000         0x00080000         xr
*default*        0x00000000         0xffffffff

Linker script and memory map

LOAD C:/ST/STM32CubeIDE_1.15.0/STM32CubeIDE/plugins/com.st.stm32cube.ide.mcu.externaltools.gnu-tools-for-stm32.12.3.rel1.win32_1.0.200.202406191623/tools/bin/../lib/gcc/arm-none-eabi/12.3.1/thumb/v7e-m+fp/hard/crti.o
LOAD C:/ST/STM32CubeIDE_1.15.0/STM32CubeIDE/plugins/com.st.stm32cube.ide.mcu.externaltools.gnu-tools-for-stm32.12.3.rel1.win32_1.0.200.202406191623/tools/bin/../lib/gcc/arm-none-eabi/12.3.1/thumb/v7e-m+fp/hard/crtbegin.o
LOAD C:/ST/STM32CubeIDE_1.15.0/STM32CubeIDE/plugins/com.st.stm32cube.ide.mcu.externaltools.gnu-tools-for-stm32.12.3.rel1.win32_1.0.200.202406191623/tools/bin/../lib/gcc/arm-none-eabi/12.3.1/../../../../arm-none-eabi/lib/thumb/v7e-m+fp/hard/crt0.o
LOAD ./Core/Src/W25Q128.o
LOAD ./Core/Src/bmp3.o
LOAD ./Core/Src/buzzer.o
LOAD ./Core/Src/codegen_model.o
LOAD ./Core/Src/codegen_model_data.o
LOAD ./Core/Src/e220.o
LOAD ./Core/Src/flight_control.o
LOAD ./Core/Src/freertos.o
LOAD ./Core/Src/lsm6dso32_reg.o
LOAD ./Core/Src/main.o
LOAD ./Core/Src/pitot_sensor.o
LOAD ./Core/Src/servo.o
LOAD ./Core/Src/stm32f4xx_hal_msp.o
LOAD ./Core/Src/stm32f4xx_hal_timebase_tim.o
LOAD ./Core/Src/stm32f4xx_it.o
LOAD ./Core/Src/syscalls.o
LOAD ./Core/Src/sysmem.o
LOAD ./Core/Src/system_stm32f4xx.o
LOAD ./Core/Src/test.o
LOAD ./Core/Src/utilities.o
LOAD ./Core/Src/z_flash_W25QXXX.o
LOAD ./Core/Startup/startup_stm32f411retx.o
LOAD ./Core/sensors_drivers/bmp390/bmp390_test/bmp3.o
LOAD ./Core/sensors_drivers/bmp390/bmp390_test/usr_bmp390_task.o
LOAD ./Core/sensors_drivers/bmp390/bmp390_test/usr_common_porting.o
LOAD ./Core/sensors_drivers/bmp390/custom_bmp390/bmp390.o
LOAD ./Drivers/STM32F4xx_HAL_Driver/Src/stm32f4xx_hal.o
LOAD ./Drivers/STM32F4xx_HAL_Driver/Src/stm32f4xx_hal_adc.o
LOAD ./Drivers/STM32F4xx_HAL_Driver/Src/stm32f4xx_hal_adc_ex.o
LOAD ./Drivers/STM32F4xx_HAL_Driver/Src/stm32f4xx_hal_cortex.o
LOAD ./Drivers/STM32F4xx_HAL_Driver/Src/stm32f4xx_hal_dma.o
LOAD ./Drivers/STM32F4xx_HAL_Driver/Src/stm32f4xx_hal_dma_ex.o
LOAD ./Drivers/STM32F4xx_HAL_Driver/Src/stm32f4xx_hal_exti.o
LOAD ./Drivers/STM32F4xx_HAL_Driver/Src/stm32f4xx_hal_flash.o
LOAD ./Drivers/STM32F4xx_HAL_Driver/Src/stm32f4xx_hal_flash_ex.o
LOAD ./Drivers/STM32F4xx_HAL_Driver/Src/stm32f4xx_hal_flash_ramfunc.o
LOAD ./Drivers/STM32F4xx_HAL_Driver/Src/stm32f4xx_hal_gpio.o
LOAD ./Drivers/STM32F4xx_HAL_Driver/Src/stm32f4xx_hal_pcd.o
LOAD ./Drivers/STM32F4xx_HAL_Driver/Src/stm32f4xx_hal_pcd_ex.o
LOAD ./Drivers/STM32F4xx_HAL_Driver/Src/stm32f4xx_hal_pwr.o
LOAD ./Drivers/STM32F4xx_HAL_Driver/Src/stm32f4xx_hal_pwr_ex.o
LOAD ./Drivers/STM32F4xx_HAL_Driver/Src/stm32f4xx_hal_rcc.o
LOAD ./Drivers/STM32F4xx_HAL_Driver/Src/stm32f4xx_hal_rcc_ex.o
LOAD ./Drivers/STM32F4xx_HAL_Driver/Src/stm32f4xx_hal_spi.o
LOAD ./Drivers/STM32F4xx_HAL_Driver/Src/stm32f4xx_hal_tim.o
LOAD ./Drivers/STM32F4xx_HAL_Driver/Src/stm32f4xx_hal_tim_ex.o
LOAD ./Drivers/STM32F4xx_HAL_Driver/Src/stm32f4xx_hal_uart.o
LOAD ./Drivers/STM32F4xx_HAL_Driver/Src/stm32f4xx_ll_adc.o
LOAD ./Drivers/STM32F4xx_HAL_Driver/Src/stm32f4xx_ll_usb.o
LOAD ./Middlewares/ST/STM32_USB_Device_Library/Class/MSC/Src/usbd_msc.o
LOAD ./Middlewares/ST/STM32_USB_Device_Library/Class/MSC/Src/usbd_msc_bot.o
LOAD ./Middlewares/ST/STM32_USB_Device_Library/Class/MSC/Src/usbd_msc_data.o
LOAD ./Middlewares/ST/STM32_USB_Device_Library/Class/MSC/Src/usbd_msc_scsi.o
LOAD ./Middlewares/ST/STM32_USB_Device_Library/Core/Src/usbd_core.o
LOAD ./Middlewares/ST/STM32_USB_Device_Library/Core/Src/usbd_ctlreq.o
LOAD ./Middlewares/ST/STM32_USB_Device_Library/Core/Src/usbd_ioreq.o
LOAD ./Middlewares/Third_Party/FreeRTOS/Source/CMSIS_RTOS_V2/cmsis_os2.o
LOAD ./Middlewares/Third_Party/FreeRTOS/Source/croutine.o
LOAD ./Middlewares/Third_Party/FreeRTOS/Source/event_groups.o
LOAD ./Middlewares/Third_Party/FreeRTOS/Source/list.o
LOAD ./Middlewares/Third_Party/FreeRTOS/Source/queue.o
LOAD ./Middlewares/Third_Party/FreeRTOS/Source/stream_buffer.o
LOAD ./Middlewares/Third_Party/FreeRTOS/Source/tasks.o
LOAD ./Middlewares/Third_Party/FreeRTOS/Source/timers.o
LOAD ./Middlewares/Third_Party/FreeRTOS/Source/portable/GCC/ARM_CM4F/port.o
LOAD ./Middlewares/Third_Party/FreeRTOS/Source/portable/MemMang/heap_4.o
LOAD ./USB_DEVICE/App/usb_device.o
LOAD ./USB_DEVICE/App/usbd_desc.o
LOAD ./USB_DEVICE/App/usbd_storage_if.o
LOAD ./USB_DEVICE/Target/usbd_conf.o
START GROUP
LOAD C:/ST/STM32CubeIDE_1.15.0/STM32CubeIDE/plugins/com.st.stm32cube.ide.mcu.externaltools.gnu-tools-for-stm32.12.3.rel1.win32_1.0.200.202406191623/tools/bin/../lib/gcc/arm-none-eabi/12.3.1/../../../../arm-none-eabi/lib/thumb/v7e-m+fp/hard\libc_nano.a
LOAD C:/ST/STM32CubeIDE_1.15.0/STM32CubeIDE/plugins/com.st.stm32cube.ide.mcu.externaltools.gnu-tools-for-stm32.12.3.rel1.win32_1.0.200.202406191623/tools/bin/../lib/gcc/arm-none-eabi/12.3.1/../../../../arm-none-eabi/lib/thumb/v7e-m+fp/hard\libm.a
END GROUP
START GROUP
LOAD C:/ST/STM32CubeIDE_1.15.0/STM32CubeIDE/plugins/com.st.stm32cube.ide.mcu.externaltools.gnu-tools-for-stm32.12.3.rel1.win32_1.0.200.202406191623/tools/bin/../lib/gcc/arm-none-eabi/12.3.1/thumb/v7e-m+fp/hard\libgcc.a
LOAD C:/ST/STM32CubeIDE_1.15.0/STM32CubeIDE/plugins/com.st.stm32cube.ide.mcu.externaltools.gnu-tools-for-stm32.12.3.rel1.win32_1.0.200.202406191623/tools/bin/../lib/gcc/arm-none-eabi/12.3.1/../../../../arm-none-eabi/lib/thumb/v7e-m+fp/hard\libc_nano.a
END GROUP
START GROUP
LOAD C:/ST/STM32CubeIDE_1.15.0/STM32CubeIDE/plugins/com.st.stm32cube.ide.mcu.externaltools.gnu-tools-for-stm32.12.3.rel1.win32_1.0.200.202406191623/tools/bin/../lib/gcc/arm-none-eabi/12.3.1/thumb/v7e-m+fp/hard\libgcc.a
LOAD C:/ST/STM32CubeIDE_1.15.0/STM32CubeIDE/plugins/com.st.stm32cube.ide.mcu.externaltools.gnu-tools-for-stm32.12.3.rel1.win32_1.0.200.202406191623/tools/bin/../lib/gcc/arm-none-eabi/12.3.1/../../../../arm-none-eabi/lib/thumb/v7e-m+fp/hard\libc_nano.a
LOAD C:/ST/STM32CubeIDE_1.15.0/STM32CubeIDE/plugins/com.st.stm32cube.ide.mcu.externaltools.gnu-tools-for-stm32.12.3.rel1.win32_1.0.200.202406191623/tools/bin/../lib/gcc/arm-none-eabi/12.3.1/../../../../arm-none-eabi/lib/thumb/v7e-m+fp/hard\libnosys.a
END GROUP
START GROUP
LOAD C:/ST/STM32CubeIDE_1.15.0/STM32CubeIDE/plugins/com.st.stm32cube.ide.mcu.externaltools.gnu-tools-for-stm32.12.3.rel1.win32_1.0.200.202406191623/tools/bin/../lib/gcc/arm-none-eabi/12.3.1/thumb/v7e-m+fp/hard\libgcc.a
LOAD C:/ST/STM32CubeIDE_1.15.0/STM32CubeIDE/plugins/com.st.stm32cube.ide.mcu.externaltools.gnu-tools-for-stm32.12.3.rel1.win32_1.0.200.202406191623/tools/bin/../lib/gcc/arm-none-eabi/12.3.1/../../../../arm-none-eabi/lib/thumb/v7e-m+fp/hard\libc_nano.a
LOAD C:/ST/STM32CubeIDE_1.15.0/STM32CubeIDE/plugins/com.st.stm32cube.ide.mcu.externaltools.gnu-tools-for-stm32.12.3.rel1.win32_1.0.200.202406191623/tools/bin/../lib/gcc/arm-none-eabi/12.3.1/../../../../arm-none-eabi/lib/thumb/v7e-m+fp/hard\libnosys.a
END GROUP
LOAD C:/ST/STM32CubeIDE_1.15.0/STM32CubeIDE/plugins/com.st.stm32cube.ide.mcu.externaltools.gnu-tools-for-stm32.12.3.rel1.win32_1.0.200.202406191623/tools/bin/../lib/gcc/arm-none-eabi/12.3.1/thumb/v7e-m+fp/hard/crtend.o
LOAD C:/ST/STM32CubeIDE_1.15.0/STM32CubeIDE/plugins/com.st.stm32cube.ide.mcu.externaltools.gnu-tools-for-stm32.12.3.rel1.win32_1.0.200.202406191623/tools/bin/../lib/gcc/arm-none-eabi/12.3.1/thumb/v7e-m+fp/hard/crtn.o
                0x20020000                        _estack = (ORIGIN (RAM) + LENGTH (RAM))
                0x00004000                        _Min_Heap_Size = 0x4000
                0x00001000                        _Min_Stack_Size = 0x1000

.isr_vector     0x08000000      0x198
                0x08000000                        . = ALIGN (0x4)
 *(.isr_vector)
 .isr_vector    0x08000000      0x198 ./Core/Startup/startup_stm32f411retx.o
                0x08000000                g_pfnVectors
                0x08000198                        . = ALIGN (0x4)

.text           0x080001a0     0xca98
                0x080001a0                        . = ALIGN (0x4)
 *(.text)
 .text          0x080001a0       0x40 C:/ST/STM32CubeIDE_1.15.0/STM32CubeIDE/plugins/com.st.stm32cube.ide.mcu.externaltools.gnu-tools-for-stm32.12.3.rel1.win32_1.0.200.202406191623/tools/bin/../lib/gcc/arm-none-eabi/12.3.1/thumb/v7e-m+fp/hard/crtbegin.o
 .text          0x080001e0       0x10 C:/ST/STM32CubeIDE_1.15.0/STM32CubeIDE/plugins/com.st.stm32cube.ide.mcu.externaltools.gnu-tools-for-stm32.12.3.rel1.win32_1.0.200.202406191623/tools/bin/../lib/gcc/arm-none-eabi/12.3.1/../../../../arm-none-eabi/lib/thumb/v7e-m+fp/hard\libc_nano.a(libc_a-strlen.o)
                0x080001e0                strlen
 .text          0x080001f0       0xa0 C:/ST/STM32CubeIDE_1.15.0/STM32CubeIDE/plugins/com.st.stm32cube.ide.mcu.externaltools.gnu-tools-for-stm32.12.3.rel1.win32_1.0.200.202406191623/tools/bin/../lib/gcc/arm-none-eabi/12.3.1/../../../../arm-none-eabi/lib/thumb/v7e-m+fp/hard\libc_nano.a(libc_a-memchr.o)
                0x080001f0                memchr
 .text          0x08000290      0x378 C:/ST/STM32CubeIDE_1.15.0/STM32CubeIDE/plugins/com.st.stm32cube.ide.mcu.externaltools.gnu-tools-for-stm32.12.3.rel1.win32_1.0.200.202406191623/tools/bin/../lib/gcc/arm-none-eabi/12.3.1/thumb/v7e-m+fp/hard\libgcc.a(_arm_addsubdf3.o)
                0x08000290                __aeabi_drsub
                0x08000298                __aeabi_dsub
                0x08000298                __subdf3
                0x0800029c                __aeabi_dadd
                0x0800029c                __adddf3
                0x08000514                __floatunsidf
                0x08000514                __aeabi_ui2d
                0x08000534                __floatsidf
                0x08000534                __aeabi_i2d
                0x08000558                __aeabi_f2d
                0x08000558                __extendsfdf2
                0x0800059c                __floatundidf
                0x0800059c                __aeabi_ul2d
                0x080005ac                __floatdidf
                0x080005ac                __aeabi_l2d
 .text          0x08000608      0x424 C:/ST/STM32CubeIDE_1.15.0/STM32CubeIDE/plugins/com.st.stm32cube.ide.mcu.externaltools.gnu-tools-for-stm32.12.3.rel1.win32_1.0.200.202406191623/tools/bin/../lib/gcc/arm-none-eabi/12.3.1/thumb/v7e-m+fp/hard\libgcc.a(_arm_muldivdf3.o)
                0x08000608                __aeabi_dmul
                0x08000608                __muldf3
                0x0800085c                __divdf3
                0x0800085c                __aeabi_ddiv
 .text          0x08000a2c      0x110 C:/ST/STM32CubeIDE_1.15.0/STM32CubeIDE/plugins/com.st.stm32cube.ide.mcu.externaltools.gnu-tools-for-stm32.12.3.rel1.win32_1.0.200.202406191623/tools/bin/../lib/gcc/arm-none-eabi/12.3.1/thumb/v7e-m+fp/hard\libgcc.a(_arm_cmpdf2.o)
                0x08000a2c                __gtdf2
                0x08000a2c                __gedf2
                0x08000a34                __ltdf2
                0x08000a34                __ledf2
                0x08000a3c                __nedf2
                0x08000a3c                __eqdf2
                0x08000a3c                __cmpdf2
                0x08000ab8                __aeabi_cdrcmple
                0x08000ac8                __aeabi_cdcmpeq
                0x08000ac8                __aeabi_cdcmple
                0x08000ad8                __aeabi_dcmpeq
                0x08000aec                __aeabi_dcmplt
                0x08000b00                __aeabi_dcmple
                0x08000b14                __aeabi_dcmpge
                0x08000b28                __aeabi_dcmpgt
 .text          0x08000b3c       0x2c C:/ST/STM32CubeIDE_1.15.0/STM32CubeIDE/plugins/com.st.stm32cube.ide.mcu.externaltools.gnu-tools-for-stm32.12.3.rel1.win32_1.0.200.202406191623/tools/bin/../lib/gcc/arm-none-eabi/12.3.1/thumb/v7e-m+fp/hard\libgcc.a(_arm_unorddf2.o)
                0x08000b3c                __unorddf2
                0x08000b3c                __aeabi_dcmpun
 .text          0x08000b68       0x40 C:/ST/STM32CubeIDE_1.15.0/STM32CubeIDE/plugins/com.st.stm32cube.ide.mcu.externaltools.gnu-tools-for-stm32.12.3.rel1.win32_1.0.200.202406191623/tools/bin/../lib/gcc/arm-none-eabi/12.3.1/thumb/v7e-m+fp/hard\libgcc.a(_arm_fixunsdfsi.o)
                0x08000b68                __aeabi_d2uiz
                0x08000b68                __fixunsdfsi
 .text          0x08000ba8       0xa0 C:/ST/STM32CubeIDE_1.15.0/STM32CubeIDE/plugins/com.st.stm32cube.ide.mcu.externaltools.gnu-tools-for-stm32.12.3.rel1.win32_1.0.200.202406191623/tools/bin/../lib/gcc/arm-none-eabi/12.3.1/thumb/v7e-m+fp/hard\libgcc.a(_arm_truncdfsf2.o)
                0x08000ba8                __truncdfsf2
                0x08000ba8                __aeabi_d2f
 .text          0x08000c48       0x30 C:/ST/STM32CubeIDE_1.15.0/STM32CubeIDE/plugins/com.st.stm32cube.ide.mcu.externaltools.gnu-tools-for-stm32.12.3.rel1.win32_1.0.200.202406191623/tools/bin/../lib/gcc/arm-none-eabi/12.3.1/thumb/v7e-m+fp/hard\libgcc.a(_aeabi_uldivmod.o)
                0x08000c48                __aeabi_uldivmod
 .text          0x08000c78      0x2bc C:/ST/STM32CubeIDE_1.15.0/STM32CubeIDE/plugins/com.st.stm32cube.ide.mcu.externaltools.gnu-tools-for-stm32.12.3.rel1.win32_1.0.200.202406191623/tools/bin/../lib/gcc/arm-none-eabi/12.3.1/thumb/v7e-m+fp/hard\libgcc.a(_udivmoddi4.o)
                0x08000c78                __udivmoddi4
 .text          0x08000f34        0x4 C:/ST/STM32CubeIDE_1.15.0/STM32CubeIDE/plugins/com.st.stm32cube.ide.mcu.externaltools.gnu-tools-for-stm32.12.3.rel1.win32_1.0.200.202406191623/tools/bin/../lib/gcc/arm-none-eabi/12.3.1/thumb/v7e-m+fp/hard\libgcc.a(_dvmd_tls.o)
                0x08000f34                __aeabi_idiv0
                0x08000f34                __aeabi_ldiv0
 *(.text*)
 .text.compensate_temperature
                0x08000f38       0x88 ./Core/Src/bmp3.o
 .text.compensate_pressure
                0x08000fc0      0x1c0 ./Core/Src/bmp3.o
 .text.null_ptr_check
                0x08001180       0x20 ./Core/Src/bmp3.o
 .text.validate_osr_and_odr_settings
                0x080011a0       0x94 ./Core/Src/bmp3.o
 .text.bmp3_get_regs
                0x08001234       0x82 ./Core/Src/bmp3.o
                0x08001234                bmp3_get_regs
 .text.bmp3_set_regs
                0x080012b6       0x9a ./Core/Src/bmp3.o
                0x080012b6                bmp3_set_regs
 .text.write_power_mode.isra.0
                0x08001350       0x42 ./Core/Src/bmp3.o
 *fill*         0x08001392        0x2 
 .text.bmp3_set_sensor_settings
                0x08001394      0x240 ./Core/Src/bmp3.o
                0x08001394                bmp3_set_sensor_settings
 .text.bmp3_soft_reset
                0x080015d4       0x6e ./Core/Src/bmp3.o
                0x080015d4                bmp3_soft_reset
 *fill*         0x08001642        0x2 
 .text.bmp3_init
                0x08001644      0x200 ./Core/Src/bmp3.o
                0x08001644                bmp3_init
 .text.bmp3_get_op_mode
                0x08001844       0x22 ./Core/Src/bmp3.o
                0x08001844                bmp3_get_op_mode
 .text.bmp3_set_op_mode
                0x08001866       0xf0 ./Core/Src/bmp3.o
                0x08001866                bmp3_set_op_mode
 .text.bmp3_get_sensor_data
                0x08001956       0xcc ./Core/Src/bmp3.o
                0x08001956                bmp3_get_sensor_data
 *fill*         0x08001a22        0x2 
 .text.buzzerInit
                0x08001a24       0x1c ./Core/Src/buzzer.o
                0x08001a24                buzzerInit
 .text.look1_binlx.constprop.0
                0x08001a40      0x138 ./Core/Src/codegen_model.o
 .text.codegen_model_step
                0x08001b78      0x58c ./Core/Src/codegen_model.o
                0x08001b78                codegen_model_step
 *fill*         0x08002104        0x4 
 .text.codegen_model_initialize
                0x08002108       0x68 ./Core/Src/codegen_model.o
                0x08002108                codegen_model_initialize
 .text.E220_enter_config_mode
                0x08002170       0x44 ./Core/Src/e220.o
                0x08002170                E220_enter_config_mode
 .text.E220_read_register
                0x080021b4       0x66 ./Core/Src/e220.o
                0x080021b4                E220_read_register
 .text.E220_write_register
                0x0800221a       0x80 ./Core/Src/e220.o
                0x0800221a                E220_write_register
 .text.E220_enter_normal_mode
                0x0800229a       0x28 ./Core/Src/e220.o
                0x0800229a                E220_enter_normal_mode
 .text.E220_transmit_payload
                0x080022c2        0xe ./Core/Src/e220.o
                0x080022c2                E220_transmit_payload
 .text.E220_receive_payload
                0x080022d0        0xe ./Core/Src/e220.o
                0x080022d0                E220_receive_payload
 *fill*         0x080022de        0x2 
 .text.trigger_event
                0x080022e0       0x44 ./Core/Src/flight_control.o
                0x080022e0                trigger_event
 .text.change_state_to
                0x08002324       0x34 ./Core/Src/flight_control.o
                0x08002324                change_state_to
 .text.check_Ready_phase
                0x08002358       0x64 ./Core/Src/flight_control.o
                0x08002358                check_Ready_phase
 .text.check_Burning_phase
                0x080023bc       0x38 ./Core/Src/flight_control.o
                0x080023bc                check_Burning_phase
 .text.check_AbcsDeployed_phase
                0x080023f4       0x54 ./Core/Src/flight_control.o
                0x080023f4                check_AbcsDeployed_phase
 .text.check_Drogue_phase
                0x08002448       0x38 ./Core/Src/flight_control.o
                0x08002448                check_Drogue_phase
 .text.check_Main_phase
                0x08002480       0x36 ./Core/Src/flight_control.o
                0x08002480                check_Main_phase
 .text.check_flight_phase
                0x080024b6       0xe2 ./Core/Src/flight_control.o
                0x080024b6                check_flight_phase
 .text.lsm6dso32_read_reg
                0x08002598        0xe ./Core/Src/lsm6dso32_reg.o
                0x08002598                lsm6dso32_read_reg
 .text.lsm6dso32_write_reg
                0x080025a6        0xe ./Core/Src/lsm6dso32_reg.o
                0x080025a6                lsm6dso32_write_reg
 .text.lsm6dso32_from_fs16_to_mg
                0x080025b4       0x18 ./Core/Src/lsm6dso32_reg.o
                0x080025b4                lsm6dso32_from_fs16_to_mg
 .text.lsm6dso32_from_fs2000_to_mdps
                0x080025cc       0x18 ./Core/Src/lsm6dso32_reg.o
                0x080025cc                lsm6dso32_from_fs2000_to_mdps
 .text.lsm6dso32_from_lsb_to_celsius
                0x080025e4       0x1c ./Core/Src/lsm6dso32_reg.o
                0x080025e4                lsm6dso32_from_lsb_to_celsius
 .text.lsm6dso32_xl_full_scale_set
                0x08002600       0x2e ./Core/Src/lsm6dso32_reg.o
                0x08002600                lsm6dso32_xl_full_scale_set
 .text.lsm6dso32_xl_data_rate_set
                0x0800262e       0xc0 ./Core/Src/lsm6dso32_reg.o
                0x0800262e                lsm6dso32_xl_data_rate_set
 .text.lsm6dso32_gy_full_scale_set
                0x080026ee       0x2e ./Core/Src/lsm6dso32_reg.o
                0x080026ee                lsm6dso32_gy_full_scale_set
 .text.lsm6dso32_gy_data_rate_set
                0x0800271c       0x80 ./Core/Src/lsm6dso32_reg.o
                0x0800271c                lsm6dso32_gy_data_rate_set
 .text.lsm6dso32_block_data_update_set
                0x0800279c       0x2e ./Core/Src/lsm6dso32_reg.o
                0x0800279c                lsm6dso32_block_data_update_set
 .text.lsm6dso32_xl_offset_weight_set
                0x080027ca       0x2e ./Core/Src/lsm6dso32_reg.o
                0x080027ca                lsm6dso32_xl_offset_weight_set
 .text.lsm6dso32_status_reg_get
                0x080027f8        0xe ./Core/Src/lsm6dso32_reg.o
                0x080027f8                lsm6dso32_status_reg_get
 .text.lsm6dso32_xl_usr_offset_x_set
                0x08002806        0xe ./Core/Src/lsm6dso32_reg.o
                0x08002806                lsm6dso32_xl_usr_offset_x_set
 .text.lsm6dso32_xl_usr_offset_y_set
                0x08002814        0xe ./Core/Src/lsm6dso32_reg.o
                0x08002814                lsm6dso32_xl_usr_offset_y_set
 .text.lsm6dso32_xl_usr_offset_z_set
                0x08002822        0xe ./Core/Src/lsm6dso32_reg.o
                0x08002822                lsm6dso32_xl_usr_offset_z_set
 .text.lsm6dso32_xl_usr_offset_set
                0x08002830       0x2e ./Core/Src/lsm6dso32_reg.o
                0x08002830                lsm6dso32_xl_usr_offset_set
 .text.lsm6dso32_temperature_raw_get
                0x0800285e       0x20 ./Core/Src/lsm6dso32_reg.o
                0x0800285e                lsm6dso32_temperature_raw_get
 .text.lsm6dso32_angular_rate_raw_get
                0x0800287e       0x3c ./Core/Src/lsm6dso32_reg.o
                0x0800287e                lsm6dso32_angular_rate_raw_get
 .text.lsm6dso32_acceleration_raw_get
                0x080028ba       0x3c ./Core/Src/lsm6dso32_reg.o
                0x080028ba                lsm6dso32_acceleration_raw_get
 .text.lsm6dso32_device_id_get
                0x080028f6        0xe ./Core/Src/lsm6dso32_reg.o
                0x080028f6                lsm6dso32_device_id_get
 .text.lsm6dso32_reset_set
                0x08002904       0x2e ./Core/Src/lsm6dso32_reg.o
                0x08002904                lsm6dso32_reset_set
 .text.lsm6dso32_reset_get
                0x08002932       0x1c ./Core/Src/lsm6dso32_reg.o
                0x08002932                lsm6dso32_reset_get
 .text.lsm6dso32_i3c_disable_set
                0x0800294e       0x58 ./Core/Src/lsm6dso32_reg.o
                0x0800294e                lsm6dso32_i3c_disable_set
 .text.Startup  0x080029a6        0xe ./Core/Src/main.o
                0x080029a6                Startup
 .text.SystemHealthCheck
                0x080029b4       0x22 ./Core/Src/main.o
                0x080029b4                SystemHealthCheck
 *fill*         0x080029d6        0x2 
 .text.FlashWrite
                0x080029d8       0xb4 ./Core/Src/main.o
                0x080029d8                FlashWrite
 .text.CommunicationBoard
                0x08002a8c      0x144 ./Core/Src/main.o
                0x08002a8c                CommunicationBoard
 .text.FlightFSM
                0x08002bd0       0xb4 ./Core/Src/main.o
                0x08002bd0                FlightFSM
 *fill*         0x08002c84        0x4 
 .text.readAltitude
                0x08002c88       0x54 ./Core/Src/main.o
                0x08002c88                readAltitude
 .text.SensorsRead
                0x08002cdc      0x2dc ./Core/Src/main.o
                0x08002cdc                SensorsRead
 .text.SystemClock_Config
                0x08002fb8       0xa0 ./Core/Src/main.o
                0x08002fb8                SystemClock_Config
 .text.startup.main
                0x08003058      0x600 ./Core/Src/main.o
                0x08003058                main
 .text.HAL_TIM_PeriodElapsedCallback
                0x08003658       0x14 ./Core/Src/main.o
                0x08003658                HAL_TIM_PeriodElapsedCallback
 .text.Error_Handler
                0x0800366c        0x4 ./Core/Src/main.o
                0x0800366c                Error_Handler
 .text.servo_init
                0x08003670      0x104 ./Core/Src/servo.o
                0x08003670                servo_init
 .text.servo_moveto_deg
                0x08003774       0x3c ./Core/Src/servo.o
                0x08003774                servo_moveto_deg
 .text.servo_rawmove
                0x080037b0       0x12 ./Core/Src/servo.o
                0x080037b0                servo_rawmove
 *fill*         0x080037c2        0x2 
 .text.HAL_MspInit
                0x080037c4       0x40 ./Core/Src/stm32f4xx_hal_msp.o
                0x080037c4                HAL_MspInit
 .text.HAL_ADC_MspInit
                0x08003804       0x64 ./Core/Src/stm32f4xx_hal_msp.o
                0x08003804                HAL_ADC_MspInit
 .text.HAL_SPI_MspInit
                0x08003868      0x114 ./Core/Src/stm32f4xx_hal_msp.o
                0x08003868                HAL_SPI_MspInit
 .text.HAL_TIM_Base_MspInit
                0x0800397c       0x30 ./Core/Src/stm32f4xx_hal_msp.o
                0x0800397c                HAL_TIM_Base_MspInit
 .text.HAL_TIM_PWM_MspInit
                0x080039ac       0x30 ./Core/Src/stm32f4xx_hal_msp.o
                0x080039ac                HAL_TIM_PWM_MspInit
 .text.HAL_TIM_MspPostInit
                0x080039dc       0x7c ./Core/Src/stm32f4xx_hal_msp.o
                0x080039dc                HAL_TIM_MspPostInit
 .text.HAL_UART_MspInit
                0x08003a58       0x70 ./Core/Src/stm32f4xx_hal_msp.o
                0x08003a58                HAL_UART_MspInit
 .text.HAL_InitTick
                0x08003ac8       0x90 ./Core/Src/stm32f4xx_hal_timebase_tim.o
                0x08003ac8                HAL_InitTick
 .text.NMI_Handler
                0x08003b58        0x2 ./Core/Src/stm32f4xx_it.o
                0x08003b58                NMI_Handler
 .text.HardFault_Handler
                0x08003b5a        0x2 ./Core/Src/stm32f4xx_it.o
                0x08003b5a                HardFault_Handler
 .text.MemManage_Handler
                0x08003b5c        0x2 ./Core/Src/stm32f4xx_it.o
                0x08003b5c                MemManage_Handler
 .text.BusFault_Handler
                0x08003b5e        0x2 ./Core/Src/stm32f4xx_it.o
                0x08003b5e                BusFault_Handler
 .text.UsageFault_Handler
                0x08003b60        0x2 ./Core/Src/stm32f4xx_it.o
                0x08003b60                UsageFault_Handler
 .text.DebugMon_Handler
                0x08003b62        0x2 ./Core/Src/stm32f4xx_it.o
                0x08003b62                DebugMon_Handler
 .text.TIM1_UP_TIM10_IRQHandler
                0x08003b64        0xc ./Core/Src/stm32f4xx_it.o
                0x08003b64                TIM1_UP_TIM10_IRQHandler
 .text.OTG_FS_IRQHandler
                0x08003b70        0xc ./Core/Src/stm32f4xx_it.o
                0x08003b70                OTG_FS_IRQHandler
 .text._read    0x08003b7c       0x1c ./Core/Src/syscalls.o
                0x08003b7c                _read
 .text._write   0x08003b98       0x1c ./Core/Src/syscalls.o
                0x08003b98                _write
 .text._close   0x08003bb4        0x6 ./Core/Src/syscalls.o
                0x08003bb4                _close
 .text._fstat   0x08003bba        0xa ./Core/Src/syscalls.o
                0x08003bba                _fstat
 .text._isatty  0x08003bc4        0x4 ./Core/Src/syscalls.o
                0x08003bc4                _isatty
 .text._lseek   0x08003bc8        0x4 ./Core/Src/syscalls.o
                0x08003bc8                _lseek
 .text._sbrk    0x08003bcc       0x40 ./Core/Src/sysmem.o
                0x08003bcc                _sbrk
 .text.SystemInit
                0x08003c0c       0x14 ./Core/Src/system_stm32f4xx.o
                0x08003c0c                SystemInit
 .text.bmp390_delay_us
                0x08003c20        0x2 ./Core/Src/utilities.o
 *fill*         0x08003c22        0x2 
 .text.imu1_write
                0x08003c24       0x54 ./Core/Src/utilities.o
                0x08003c24                imu1_write
 .text.bmp390_1_write
                0x08003c78       0x54 ./Core/Src/utilities.o
                0x08003c78                bmp390_1_write
 .text.imu2_write
                0x08003ccc       0x54 ./Core/Src/utilities.o
                0x08003ccc                imu2_write
 .text.bmp390_2_write
                0x08003d20       0x54 ./Core/Src/utilities.o
                0x08003d20                bmp390_2_write
 .text.imu1_read
                0x08003d74       0x58 ./Core/Src/utilities.o
                0x08003d74                imu1_read
 .text.bmp390_1_read
                0x08003dcc       0x54 ./Core/Src/utilities.o
                0x08003dcc                bmp390_1_read
 .text.imu2_read
                0x08003e20       0x58 ./Core/Src/utilities.o
                0x08003e20                imu2_read
 .text.bmp390_2_read
                0x08003e78       0x54 ./Core/Src/utilities.o
                0x08003e78                bmp390_2_read
 .text.init_imu1
                0x08003ecc       0xc0 ./Core/Src/utilities.o
                0x08003ecc                init_imu1
 .text.init_bmp390_1
                0x08003f8c       0x9c ./Core/Src/utilities.o
                0x08003f8c                init_bmp390_1
 .text.init_imu2
                0x08004028       0xc0 ./Core/Src/utilities.o
                0x08004028                init_imu2
 .text.init_bmp390_2
                0x080040e8       0x9c ./Core/Src/utilities.o
                0x080040e8                init_bmp390_2
 .text.calibrateIMU
                0x08004184      0x21c ./Core/Src/utilities.o
                0x08004184                calibrateIMU
 .text.Flash_Select
                0x080043a0       0x10 ./Core/Src/z_flash_W25QXXX.o
                0x080043a0                Flash_Select
 .text.Flash_UnSelect
                0x080043b0       0x10 ./Core/Src/z_flash_W25QXXX.o
                0x080043b0                Flash_UnSelect
 .text.Flash_Receive
                0x080043c0       0x14 ./Core/Src/z_flash_W25QXXX.o
                0x080043c0                Flash_Receive
 .text.Flash_Polling_Transmit
                0x080043d4       0x14 ./Core/Src/z_flash_W25QXXX.o
                0x080043d4                Flash_Polling_Transmit
 .text.Flash_WaitForWritingComplete
                0x080043e8       0x2e ./Core/Src/z_flash_W25QXXX.o
                0x080043e8                Flash_WaitForWritingComplete
 .text.Flash_WaitForWEL
                0x08004416       0x2e ./Core/Src/z_flash_W25QXXX.o
                0x08004416                Flash_WaitForWEL
 .text.Flash_SimpleWriteAPage
                0x08004444       0x36 ./Core/Src/z_flash_W25QXXX.o
                0x08004444                Flash_SimpleWriteAPage
 .text.Flash_Write_float
                0x0800447a       0x8e ./Core/Src/z_flash_W25QXXX.o
                0x0800447a                Flash_Write_float
 .text.Flash_ReadJedecID
                0x08004508       0x3a ./Core/Src/z_flash_W25QXXX.o
                0x08004508                Flash_ReadJedecID
 .text.Flash_ReadSFDP
                0x08004542       0x2c ./Core/Src/z_flash_W25QXXX.o
                0x08004542                Flash_ReadSFDP
 .text.Flash_TestAvailability
                0x0800456e       0x46 ./Core/Src/z_flash_W25QXXX.o
                0x0800456e                Flash_TestAvailability
 .text.Flash_Reset
                0x080045b4       0x3e ./Core/Src/z_flash_W25QXXX.o
                0x080045b4                Flash_Reset
 .text.Flash_Init
                0x080045f2       0x24 ./Core/Src/z_flash_W25QXXX.o
                0x080045f2                Flash_Init
 *fill*         0x08004616        0x2 
 .text.Reset_Handler
                0x08004618       0x50 ./Core/Startup/startup_stm32f411retx.o
                0x08004618                Reset_Handler
 .text.Default_Handler
                0x08004668        0x2 ./Core/Startup/startup_stm32f411retx.o
                0x08004668                RTC_Alarm_IRQHandler
                0x08004668                EXTI2_IRQHandler
                0x08004668                SPI4_IRQHandler
                0x08004668                TIM1_CC_IRQHandler
                0x08004668                DMA2_Stream5_IRQHandler
                0x08004668                DMA1_Stream5_IRQHandler
                0x08004668                PVD_IRQHandler
                0x08004668                SDIO_IRQHandler
                0x08004668                TAMP_STAMP_IRQHandler
                0x08004668                EXTI3_IRQHandler
                0x08004668                I2C3_ER_IRQHandler
                0x08004668                EXTI0_IRQHandler
                0x08004668                I2C2_EV_IRQHandler
                0x08004668                DMA1_Stream2_IRQHandler
                0x08004668                FPU_IRQHandler
                0x08004668                DMA2_Stream2_IRQHandler
                0x08004668                SPI1_IRQHandler
                0x08004668                TIM1_BRK_TIM9_IRQHandler
                0x08004668                DMA2_Stream3_IRQHandler
                0x08004668                USART6_IRQHandler
                0x08004668                DMA2_Stream0_IRQHandler
                0x08004668                TIM4_IRQHandler
                0x08004668                I2C1_EV_IRQHandler
                0x08004668                DMA1_Stream6_IRQHandler
                0x08004668                DMA1_Stream1_IRQHandler
                0x08004668                TIM3_IRQHandler
                0x08004668                RCC_IRQHandler
                0x08004668                Default_Handler
                0x08004668                EXTI15_10_IRQHandler
                0x08004668                ADC_IRQHandler
                0x08004668                DMA1_Stream7_IRQHandler
                0x08004668                SPI5_IRQHandler
                0x08004668                TIM5_IRQHandler
                0x08004668                DMA2_Stream7_IRQHandler
                0x08004668                I2C3_EV_IRQHandler
                0x08004668                EXTI9_5_IRQHandler
                0x08004668                RTC_WKUP_IRQHandler
                0x08004668                SPI2_IRQHandler
                0x08004668                DMA1_Stream0_IRQHandler
                0x08004668                EXTI4_IRQHandler
                0x08004668                WWDG_IRQHandler
                0x08004668                TIM2_IRQHandler
                0x08004668                OTG_FS_WKUP_IRQHandler
                0x08004668                TIM1_TRG_COM_TIM11_IRQHandler
                0x08004668                EXTI1_IRQHandler
                0x08004668                USART2_IRQHandler
                0x08004668                I2C2_ER_IRQHandler
                0x08004668                DMA2_Stream1_IRQHandler
                0x08004668                FLASH_IRQHandler
                0x08004668                DMA2_Stream4_IRQHandler
                0x08004668                USART1_IRQHandler
                0x08004668                SPI3_IRQHandler
                0x08004668                DMA1_Stream4_IRQHandler
                0x08004668                I2C1_ER_IRQHandler
                0x08004668                DMA2_Stream6_IRQHandler
                0x08004668                DMA1_Stream3_IRQHandler
 *fill*         0x0800466a        0x2 
 .text.HAL_Init
                0x0800466c       0x34 ./Drivers/STM32F4xx_HAL_Driver/Src/stm32f4xx_hal.o
                0x0800466c                HAL_Init
 .text.HAL_IncTick
                0x080046a0       0x18 ./Drivers/STM32F4xx_HAL_Driver/Src/stm32f4xx_hal.o
                0x080046a0                HAL_IncTick
 .text.HAL_GetTick
                0x080046b8        0xc ./Drivers/STM32F4xx_HAL_Driver/Src/stm32f4xx_hal.o
                0x080046b8                HAL_GetTick
 .text.HAL_Delay
                0x080046c4       0x28 ./Drivers/STM32F4xx_HAL_Driver/Src/stm32f4xx_hal.o
                0x080046c4                HAL_Delay
 .text.HAL_ADC_Init
                0x080046ec      0x14c ./Drivers/STM32F4xx_HAL_Driver/Src/stm32f4xx_hal_adc.o
                0x080046ec                HAL_ADC_Init
 .text.HAL_ADC_ConfigChannel
                0x08004838      0x138 ./Drivers/STM32F4xx_HAL_Driver/Src/stm32f4xx_hal_adc.o
                0x08004838                HAL_ADC_ConfigChannel
 .text.HAL_NVIC_SetPriorityGrouping
                0x08004970       0x24 ./Drivers/STM32F4xx_HAL_Driver/Src/stm32f4xx_hal_cortex.o
                0x08004970                HAL_NVIC_SetPriorityGrouping
 .text.HAL_NVIC_SetPriority
                0x08004994       0x64 ./Drivers/STM32F4xx_HAL_Driver/Src/stm32f4xx_hal_cortex.o
                0x08004994                HAL_NVIC_SetPriority
 .text.HAL_NVIC_EnableIRQ
                0x080049f8       0x1c ./Drivers/STM32F4xx_HAL_Driver/Src/stm32f4xx_hal_cortex.o
                0x080049f8                HAL_NVIC_EnableIRQ
 .text.HAL_GPIO_Init
                0x08004a14      0x18c ./Drivers/STM32F4xx_HAL_Driver/Src/stm32f4xx_hal_gpio.o
                0x08004a14                HAL_GPIO_Init
 .text.HAL_GPIO_ReadPin
                0x08004ba0        0xc ./Drivers/STM32F4xx_HAL_Driver/Src/stm32f4xx_hal_gpio.o
                0x08004ba0                HAL_GPIO_ReadPin
 .text.HAL_GPIO_WritePin
                0x08004bac        0xa ./Drivers/STM32F4xx_HAL_Driver/Src/stm32f4xx_hal_gpio.o
                0x08004bac                HAL_GPIO_WritePin
 .text.HAL_PCD_Init
                0x08004bb6       0xde ./Drivers/STM32F4xx_HAL_Driver/Src/stm32f4xx_hal_pcd.o
                0x08004bb6                HAL_PCD_Init
 .text.HAL_PCD_Start
                0x08004c94       0x3e ./Drivers/STM32F4xx_HAL_Driver/Src/stm32f4xx_hal_pcd.o
                0x08004c94                HAL_PCD_Start
 .text.HAL_PCD_SetAddress
                0x08004cd2       0x26 ./Drivers/STM32F4xx_HAL_Driver/Src/stm32f4xx_hal_pcd.o
                0x08004cd2                HAL_PCD_SetAddress
 .text.HAL_PCD_EP_Open
                0x08004cf8       0x72 ./Drivers/STM32F4xx_HAL_Driver/Src/stm32f4xx_hal_pcd.o
                0x08004cf8                HAL_PCD_EP_Open
 .text.HAL_PCD_EP_Close
                0x08004d6a       0x5c ./Drivers/STM32F4xx_HAL_Driver/Src/stm32f4xx_hal_pcd.o
                0x08004d6a                HAL_PCD_EP_Close
 .text.HAL_PCD_EP_Receive
                0x08004dc6       0x3c ./Drivers/STM32F4xx_HAL_Driver/Src/stm32f4xx_hal_pcd.o
                0x08004dc6                HAL_PCD_EP_Receive
 .text.HAL_PCD_EP_GetRxCount
                0x08004e02       0x10 ./Drivers/STM32F4xx_HAL_Driver/Src/stm32f4xx_hal_pcd.o
                0x08004e02                HAL_PCD_EP_GetRxCount
 .text.HAL_PCD_EP_Transmit
                0x08004e12       0x36 ./Drivers/STM32F4xx_HAL_Driver/Src/stm32f4xx_hal_pcd.o
                0x08004e12                HAL_PCD_EP_Transmit
 .text.HAL_PCD_EP_SetStall
                0x08004e48       0x6e ./Drivers/STM32F4xx_HAL_Driver/Src/stm32f4xx_hal_pcd.o
                0x08004e48                HAL_PCD_EP_SetStall
 .text.HAL_PCD_EP_ClrStall
                0x08004eb6       0x6a ./Drivers/STM32F4xx_HAL_Driver/Src/stm32f4xx_hal_pcd.o
                0x08004eb6                HAL_PCD_EP_ClrStall
 .text.HAL_PCD_EP_Abort
                0x08004f20       0x20 ./Drivers/STM32F4xx_HAL_Driver/Src/stm32f4xx_hal_pcd.o
                0x08004f20                HAL_PCD_EP_Abort
 .text.HAL_PCD_IRQHandler
                0x08004f40      0x694 ./Drivers/STM32F4xx_HAL_Driver/Src/stm32f4xx_hal_pcd.o
                0x08004f40                HAL_PCD_IRQHandler
 .text.HAL_PCD_EP_Flush
                0x080055d4       0x32 ./Drivers/STM32F4xx_HAL_Driver/Src/stm32f4xx_hal_pcd.o
                0x080055d4                HAL_PCD_EP_Flush
 .text.HAL_PCDEx_SetTxFiFo
                0x08005606       0x3e ./Drivers/STM32F4xx_HAL_Driver/Src/stm32f4xx_hal_pcd_ex.o
                0x08005606                HAL_PCDEx_SetTxFiFo
 .text.HAL_PCDEx_SetRxFiFo
                0x08005644        0x8 ./Drivers/STM32F4xx_HAL_Driver/Src/stm32f4xx_hal_pcd_ex.o
                0x08005644                HAL_PCDEx_SetRxFiFo
 .text.HAL_PCDEx_LPM_Callback
                0x0800564c        0x2 ./Drivers/STM32F4xx_HAL_Driver/Src/stm32f4xx_hal_pcd_ex.o
                0x0800564c                HAL_PCDEx_LPM_Callback
 *fill*         0x0800564e        0x2 
 .text.HAL_RCC_OscConfig
                0x08005650      0x35c ./Drivers/STM32F4xx_HAL_Driver/Src/stm32f4xx_hal_rcc.o
                0x08005650                HAL_RCC_OscConfig
 .text.HAL_RCC_GetSysClockFreq
                0x080059ac       0x4c ./Drivers/STM32F4xx_HAL_Driver/Src/stm32f4xx_hal_rcc.o
                0x080059ac                HAL_RCC_GetSysClockFreq
 .text.HAL_RCC_ClockConfig
                0x080059f8      0x134 ./Drivers/STM32F4xx_HAL_Driver/Src/stm32f4xx_hal_rcc.o
                0x080059f8                HAL_RCC_ClockConfig
 .text.HAL_RCC_GetHCLKFreq
                0x08005b2c        0xc ./Drivers/STM32F4xx_HAL_Driver/Src/stm32f4xx_hal_rcc.o
                0x08005b2c                HAL_RCC_GetHCLKFreq
 .text.HAL_RCC_GetPCLK1Freq
                0x08005b38       0x20 ./Drivers/STM32F4xx_HAL_Driver/Src/stm32f4xx_hal_rcc.o
                0x08005b38                HAL_RCC_GetPCLK1Freq
 .text.HAL_RCC_GetPCLK2Freq
                0x08005b58       0x20 ./Drivers/STM32F4xx_HAL_Driver/Src/stm32f4xx_hal_rcc.o
                0x08005b58                HAL_RCC_GetPCLK2Freq
 .text.HAL_RCC_GetClockConfig
                0x08005b78       0x3c ./Drivers/STM32F4xx_HAL_Driver/Src/stm32f4xx_hal_rcc.o
                0x08005b78                HAL_RCC_GetClockConfig
 .text.SPI_WaitFlagStateUntilTimeout
                0x08005bb4       0xb8 ./Drivers/STM32F4xx_HAL_Driver/Src/stm32f4xx_hal_spi.o
 .text.SPI_EndRxTxTransaction
                0x08005c6c       0x78 ./Drivers/STM32F4xx_HAL_Driver/Src/stm32f4xx_hal_spi.o
 .text.SPI_EndRxTransaction
                0x08005ce4       0x5c ./Drivers/STM32F4xx_HAL_Driver/Src/stm32f4xx_hal_spi.o
 .text.HAL_SPI_Init
                0x08005d40       0xb8 ./Drivers/STM32F4xx_HAL_Driver/Src/stm32f4xx_hal_spi.o
                0x08005d40                HAL_SPI_Init
 .text.HAL_SPI_Transmit
                0x08005df8      0x160 ./Drivers/STM32F4xx_HAL_Driver/Src/stm32f4xx_hal_spi.o
                0x08005df8                HAL_SPI_Transmit
 .text.HAL_SPI_TransmitReceive
                0x08005f58      0x1f8 ./Drivers/STM32F4xx_HAL_Driver/Src/stm32f4xx_hal_spi.o
                0x08005f58                HAL_SPI_TransmitReceive
 .text.HAL_SPI_Receive
                0x08006150      0x148 ./Drivers/STM32F4xx_HAL_Driver/Src/stm32f4xx_hal_spi.o
                0x08006150                HAL_SPI_Receive
 .text.TIM_OC1_SetConfig
                0x08006298       0x50 ./Drivers/STM32F4xx_HAL_Driver/Src/stm32f4xx_hal_tim.o
 .text.TIM_OC3_SetConfig
                0x080062e8       0x54 ./Drivers/STM32F4xx_HAL_Driver/Src/stm32f4xx_hal_tim.o
 .text.TIM_OC4_SetConfig
                0x0800633c       0x44 ./Drivers/STM32F4xx_HAL_Driver/Src/stm32f4xx_hal_tim.o
 .text.HAL_TIM_Base_Start_IT
                0x08006380       0x64 ./Drivers/STM32F4xx_HAL_Driver/Src/stm32f4xx_hal_tim.o
                0x08006380                HAL_TIM_Base_Start_IT
 .text.HAL_TIM_OC_DelayElapsedCallback
                0x080063e4        0x2 ./Drivers/STM32F4xx_HAL_Driver/Src/stm32f4xx_hal_tim.o
                0x080063e4                HAL_TIM_OC_DelayElapsedCallback
 .text.HAL_TIM_IC_CaptureCallback
                0x080063e6        0x2 ./Drivers/STM32F4xx_HAL_Driver/Src/stm32f4xx_hal_tim.o
                0x080063e6                HAL_TIM_IC_CaptureCallback
 .text.HAL_TIM_PWM_PulseFinishedCallback
                0x080063e8        0x2 ./Drivers/STM32F4xx_HAL_Driver/Src/stm32f4xx_hal_tim.o
                0x080063e8                HAL_TIM_PWM_PulseFinishedCallback
 .text.HAL_TIM_TriggerCallback
                0x080063ea        0x2 ./Drivers/STM32F4xx_HAL_Driver/Src/stm32f4xx_hal_tim.o
                0x080063ea                HAL_TIM_TriggerCallback
 .text.HAL_TIM_IRQHandler
                0x080063ec      0x128 ./Drivers/STM32F4xx_HAL_Driver/Src/stm32f4xx_hal_tim.o
                0x080063ec                HAL_TIM_IRQHandler
 .text.TIM_Base_SetConfig
                0x08006514       0xa8 ./Drivers/STM32F4xx_HAL_Driver/Src/stm32f4xx_hal_tim.o
                0x08006514                TIM_Base_SetConfig
 .text.HAL_TIM_Base_Init
                0x080065bc       0x58 ./Drivers/STM32F4xx_HAL_Driver/Src/stm32f4xx_hal_tim.o
                0x080065bc                HAL_TIM_Base_Init
 .text.HAL_TIM_PWM_Init
                0x08006614       0x58 ./Drivers/STM32F4xx_HAL_Driver/Src/stm32f4xx_hal_tim.o
                0x08006614                HAL_TIM_PWM_Init
 .text.TIM_OC2_SetConfig
                0x0800666c       0x58 ./Drivers/STM32F4xx_HAL_Driver/Src/stm32f4xx_hal_tim.o
                0x0800666c                TIM_OC2_SetConfig
 .text.HAL_TIM_PWM_ConfigChannel
                0x080066c4       0xb0 ./Drivers/STM32F4xx_HAL_Driver/Src/stm32f4xx_hal_tim.o
                0x080066c4                HAL_TIM_PWM_ConfigChannel
 .text.TIM_ETR_SetConfig
                0x08006774       0x14 ./Drivers/STM32F4xx_HAL_Driver/Src/stm32f4xx_hal_tim.o
                0x08006774                TIM_ETR_SetConfig
 .text.HAL_TIM_ConfigClockSource
                0x08006788      0x132 ./Drivers/STM32F4xx_HAL_Driver/Src/stm32f4xx_hal_tim.o
                0x08006788                HAL_TIM_ConfigClockSource
 .text.TIM_CCxChannelCmd
                0x080068ba       0x1c ./Drivers/STM32F4xx_HAL_Driver/Src/stm32f4xx_hal_tim.o
                0x080068ba                TIM_CCxChannelCmd
 *fill*         0x080068d6        0x2 
 .text.HAL_TIM_OC_Start
                0x080068d8       0xac ./Drivers/STM32F4xx_HAL_Driver/Src/stm32f4xx_hal_tim.o
                0x080068d8                HAL_TIM_OC_Start
 .text.HAL_TIM_PWM_Start
                0x08006984        0x4 ./Drivers/STM32F4xx_HAL_Driver/Src/stm32f4xx_hal_tim.o
                0x08006984                HAL_TIM_PWM_Start
 .text.HAL_TIMEx_MasterConfigSynchronization
                0x08006988       0x6c ./Drivers/STM32F4xx_HAL_Driver/Src/stm32f4xx_hal_tim_ex.o
                0x08006988                HAL_TIMEx_MasterConfigSynchronization
 .text.HAL_TIMEx_CommutCallback
                0x080069f4        0x2 ./Drivers/STM32F4xx_HAL_Driver/Src/stm32f4xx_hal_tim_ex.o
                0x080069f4                HAL_TIMEx_CommutCallback
 .text.HAL_TIMEx_BreakCallback
                0x080069f6        0x2 ./Drivers/STM32F4xx_HAL_Driver/Src/stm32f4xx_hal_tim_ex.o
                0x080069f6                HAL_TIMEx_BreakCallback
 .text.UART_EndRxTransfer
                0x080069f8       0x5c ./Drivers/STM32F4xx_HAL_Driver/Src/stm32f4xx_hal_uart.o
 .text.UART_SetConfig
                0x08006a54       0xbc ./Drivers/STM32F4xx_HAL_Driver/Src/stm32f4xx_hal_uart.o
 .text.UART_WaitOnFlagUntilTimeout.constprop.0
                0x08006b10       0x64 ./Drivers/STM32F4xx_HAL_Driver/Src/stm32f4xx_hal_uart.o
 .text.HAL_UART_Init
                0x08006b74       0x5e ./Drivers/STM32F4xx_HAL_Driver/Src/stm32f4xx_hal_uart.o
                0x08006b74                HAL_UART_Init
 .text.HAL_UART_Transmit
                0x08006bd2       0x9c ./Drivers/STM32F4xx_HAL_Driver/Src/stm32f4xx_hal_uart.o
                0x08006bd2                HAL_UART_Transmit
 .text.HAL_UART_Receive
                0x08006c6e       0xae ./Drivers/STM32F4xx_HAL_Driver/Src/stm32f4xx_hal_uart.o
                0x08006c6e                HAL_UART_Receive
 .text.USB_CoreReset
                0x08006d1c       0x46 ./Drivers/STM32F4xx_HAL_Driver/Src/stm32f4xx_ll_usb.o
 .text.USB_CoreInit
                0x08006d62       0x88 ./Drivers/STM32F4xx_HAL_Driver/Src/stm32f4xx_ll_usb.o
                0x08006d62                USB_CoreInit
 *fill*         0x08006dea        0x2 
 .text.USB_SetTurnaroundTime
                0x08006dec       0xe0 ./Drivers/STM32F4xx_HAL_Driver/Src/stm32f4xx_ll_usb.o
                0x08006dec                USB_SetTurnaroundTime
 .text.USB_EnableGlobalInt
                0x08006ecc        0xc ./Drivers/STM32F4xx_HAL_Driver/Src/stm32f4xx_ll_usb.o
                0x08006ecc                USB_EnableGlobalInt
 .text.USB_DisableGlobalInt
                0x08006ed8        0xc ./Drivers/STM32F4xx_HAL_Driver/Src/stm32f4xx_ll_usb.o
                0x08006ed8                USB_DisableGlobalInt
 .text.USB_SetCurrentMode
                0x08006ee4       0x60 ./Drivers/STM32F4xx_HAL_Driver/Src/stm32f4xx_ll_usb.o
                0x08006ee4                USB_SetCurrentMode
 .text.USB_FlushTxFifo
                0x08006f44       0x46 ./Drivers/STM32F4xx_HAL_Driver/Src/stm32f4xx_ll_usb.o
                0x08006f44                USB_FlushTxFifo
 .text.USB_FlushRxFifo
                0x08006f8a       0x42 ./Drivers/STM32F4xx_HAL_Driver/Src/stm32f4xx_ll_usb.o
                0x08006f8a                USB_FlushRxFifo
 .text.USB_SetDevSpeed
                0x08006fcc        0xe ./Drivers/STM32F4xx_HAL_Driver/Src/stm32f4xx_ll_usb.o
                0x08006fcc                USB_SetDevSpeed
 *fill*         0x08006fda        0x2 
 .text.USB_DevInit
                0x08006fdc      0x174 ./Drivers/STM32F4xx_HAL_Driver/Src/stm32f4xx_ll_usb.o
                0x08006fdc                USB_DevInit
 .text.USB_GetDevSpeed
                0x08007150       0x16 ./Drivers/STM32F4xx_HAL_Driver/Src/stm32f4xx_ll_usb.o
                0x08007150                USB_GetDevSpeed
 .text.USB_ActivateEndpoint
                0x08007166       0x7e ./Drivers/STM32F4xx_HAL_Driver/Src/stm32f4xx_ll_usb.o
                0x08007166                USB_ActivateEndpoint
 .text.USB_DeactivateEndpoint
                0x080071e4       0xac ./Drivers/STM32F4xx_HAL_Driver/Src/stm32f4xx_ll_usb.o
                0x080071e4                USB_DeactivateEndpoint
 .text.USB_EPStopXfer
                0x08007290       0x84 ./Drivers/STM32F4xx_HAL_Driver/Src/stm32f4xx_ll_usb.o
                0x08007290                USB_EPStopXfer
 .text.USB_WritePacket
                0x08007314       0x26 ./Drivers/STM32F4xx_HAL_Driver/Src/stm32f4xx_ll_usb.o
                0x08007314                USB_WritePacket
 *fill*         0x0800733a        0x2 
 .text.USB_EPStartXfer
                0x0800733c      0x204 ./Drivers/STM32F4xx_HAL_Driver/Src/stm32f4xx_ll_usb.o
                0x0800733c                USB_EPStartXfer
 .text.USB_ReadPacket
                0x08007540       0x40 ./Drivers/STM32F4xx_HAL_Driver/Src/stm32f4xx_ll_usb.o
                0x08007540                USB_ReadPacket
 .text.USB_EPSetStall
                0x08007580       0x56 ./Drivers/STM32F4xx_HAL_Driver/Src/stm32f4xx_ll_usb.o
                0x08007580                USB_EPSetStall
 .text.USB_EPClearStall
                0x080075d6       0x52 ./Drivers/STM32F4xx_HAL_Driver/Src/stm32f4xx_ll_usb.o
                0x080075d6                USB_EPClearStall
 .text.USB_SetDevAddress
                0x08007628       0x20 ./Drivers/STM32F4xx_HAL_Driver/Src/stm32f4xx_ll_usb.o
                0x08007628                USB_SetDevAddress
 .text.USB_DevConnect
                0x08007648       0x1c ./Drivers/STM32F4xx_HAL_Driver/Src/stm32f4xx_ll_usb.o
                0x08007648                USB_DevConnect
 .text.USB_DevDisconnect
                0x08007664       0x1c ./Drivers/STM32F4xx_HAL_Driver/Src/stm32f4xx_ll_usb.o
                0x08007664                USB_DevDisconnect
 .text.USB_ReadInterrupts
                0x08007680        0x8 ./Drivers/STM32F4xx_HAL_Driver/Src/stm32f4xx_ll_usb.o
                0x08007680                USB_ReadInterrupts
 .text.USB_ReadDevAllOutEpInterrupt
                0x08007688       0x10 ./Drivers/STM32F4xx_HAL_Driver/Src/stm32f4xx_ll_usb.o
                0x08007688                USB_ReadDevAllOutEpInterrupt
 .text.USB_ReadDevAllInEpInterrupt
                0x08007698       0x10 ./Drivers/STM32F4xx_HAL_Driver/Src/stm32f4xx_ll_usb.o
                0x08007698                USB_ReadDevAllInEpInterrupt
 .text.USB_ReadDevOutEPInterrupt
                0x080076a8       0x12 ./Drivers/STM32F4xx_HAL_Driver/Src/stm32f4xx_ll_usb.o
                0x080076a8                USB_ReadDevOutEPInterrupt
 .text.USB_ReadDevInEPInterrupt
                0x080076ba       0x22 ./Drivers/STM32F4xx_HAL_Driver/Src/stm32f4xx_ll_usb.o
                0x080076ba                USB_ReadDevInEPInterrupt
 .text.USB_GetMode
                0x080076dc        0x8 ./Drivers/STM32F4xx_HAL_Driver/Src/stm32f4xx_ll_usb.o
                0x080076dc                USB_GetMode
 .text.USB_ActivateSetup
                0x080076e4       0x20 ./Drivers/STM32F4xx_HAL_Driver/Src/stm32f4xx_ll_usb.o
                0x080076e4                USB_ActivateSetup
 .text.USB_EP0_OutStart
                0x08007704       0x4c ./Drivers/STM32F4xx_HAL_Driver/Src/stm32f4xx_ll_usb.o
                0x08007704                USB_EP0_OutStart
 .text.USBD_MSC_GetDeviceQualifierDescriptor
                0x08007750        0xc ./Middlewares/ST/STM32_USB_Device_Library/Class/MSC/Src/usbd_msc.o
                0x08007750                USBD_MSC_GetDeviceQualifierDescriptor
 .text.USBD_MSC_Init
                0x0800775c       0x94 ./Middlewares/ST/STM32_USB_Device_Library/Class/MSC/Src/usbd_msc.o
                0x0800775c                USBD_MSC_Init
 .text.USBD_MSC_Setup
                0x080077f0      0x104 ./Middlewares/ST/STM32_USB_Device_Library/Class/MSC/Src/usbd_msc.o
                0x080077f0                USBD_MSC_Setup
 .text.USBD_MSC_DataIn
                0x080078f4        0xa ./Middlewares/ST/STM32_USB_Device_Library/Class/MSC/Src/usbd_msc.o
                0x080078f4                USBD_MSC_DataIn
 .text.USBD_MSC_DataOut
                0x080078fe        0xa ./Middlewares/ST/STM32_USB_Device_Library/Class/MSC/Src/usbd_msc.o
                0x080078fe                USBD_MSC_DataOut
 .text.USBD_MSC_GetHSCfgDesc
                0x08007908       0x38 ./Middlewares/ST/STM32_USB_Device_Library/Class/MSC/Src/usbd_msc.o
                0x08007908                USBD_MSC_GetHSCfgDesc
 .text.USBD_MSC_GetFSCfgDesc
                0x08007940       0x38 ./Middlewares/ST/STM32_USB_Device_Library/Class/MSC/Src/usbd_msc.o
                0x08007940                USBD_MSC_GetFSCfgDesc
 .text.USBD_MSC_GetOtherSpeedCfgDesc
                0x08007978        0x4 ./Middlewares/ST/STM32_USB_Device_Library/Class/MSC/Src/usbd_msc.o
                0x08007978                USBD_MSC_GetOtherSpeedCfgDesc
 .text.USBD_MSC_DeInit
                0x0800797c       0x70 ./Middlewares/ST/STM32_USB_Device_Library/Class/MSC/Src/usbd_msc.o
                0x0800797c                USBD_MSC_DeInit
 .text.USBD_MSC_RegisterStorage
                0x080079ec       0x16 ./Middlewares/ST/STM32_USB_Device_Library/Class/MSC/Src/usbd_msc.o
                0x080079ec                USBD_MSC_RegisterStorage
 *fill*         0x08007a02        0x2 
 .text.MSC_BOT_Abort
                0x08007a04       0x58 ./Middlewares/ST/STM32_USB_Device_Library/Class/MSC/Src/usbd_msc_bot.o
 .text.MSC_BOT_Init
                0x08007a5c       0x58 ./Middlewares/ST/STM32_USB_Device_Library/Class/MSC/Src/usbd_msc_bot.o
                0x08007a5c                MSC_BOT_Init
 .text.MSC_BOT_Reset
                0x08007ab4       0x44 ./Middlewares/ST/STM32_USB_Device_Library/Class/MSC/Src/usbd_msc_bot.o
                0x08007ab4                MSC_BOT_Reset
 .text.MSC_BOT_DeInit
                0x08007af8       0x12 ./Middlewares/ST/STM32_USB_Device_Library/Class/MSC/Src/usbd_msc_bot.o
                0x08007af8                MSC_BOT_DeInit
 *fill*         0x08007b0a        0x2 
 .text.MSC_BOT_SendCSW
                0x08007b0c       0x50 ./Middlewares/ST/STM32_USB_Device_Library/Class/MSC/Src/usbd_msc_bot.o
                0x08007b0c                MSC_BOT_SendCSW
 .text.MSC_BOT_DataIn
                0x08007b5c       0x3e ./Middlewares/ST/STM32_USB_Device_Library/Class/MSC/Src/usbd_msc_bot.o
                0x08007b5c                MSC_BOT_DataIn
 *fill*         0x08007b9a        0x2 
 .text.MSC_BOT_DataOut
                0x08007b9c       0xf4 ./Middlewares/ST/STM32_USB_Device_Library/Class/MSC/Src/usbd_msc_bot.o
                0x08007b9c                MSC_BOT_DataOut
 .text.MSC_BOT_CplClrFeature
                0x08007c90       0x48 ./Middlewares/ST/STM32_USB_Device_Library/Class/MSC/Src/usbd_msc_bot.o
                0x08007c90                MSC_BOT_CplClrFeature
 .text.SCSI_SenseCode.constprop.0
                0x08007cd8       0x38 ./Middlewares/ST/STM32_USB_Device_Library/Class/MSC/Src/usbd_msc_scsi.o
 .text.SCSI_ProcessWrite
                0x08007d10       0xac ./Middlewares/ST/STM32_USB_Device_Library/Class/MSC/Src/usbd_msc_scsi.o
 .text.SCSI_ProcessRead
                0x08007dbc       0xa0 ./Middlewares/ST/STM32_USB_Device_Library/Class/MSC/Src/usbd_msc_scsi.o
 .text.SCSI_UpdateBotData.isra.0
                0x08007e5c       0x16 ./Middlewares/ST/STM32_USB_Device_Library/Class/MSC/Src/usbd_msc_scsi.o
 .text.SCSI_CheckAddressRange.isra.0
                0x08007e72       0x2a ./Middlewares/ST/STM32_USB_Device_Library/Class/MSC/Src/usbd_msc_scsi.o
 .text.SCSI_ProcessCmd
                0x08007e9c      0x4e8 ./Middlewares/ST/STM32_USB_Device_Library/Class/MSC/Src/usbd_msc_scsi.o
                0x08007e9c                SCSI_ProcessCmd
 .text.SCSI_SenseCode
                0x08008384       0x38 ./Middlewares/ST/STM32_USB_Device_Library/Class/MSC/Src/usbd_msc_scsi.o
                0x08008384                SCSI_SenseCode
 .text.USBD_Init
                0x080083bc       0x26 ./Middlewares/ST/STM32_USB_Device_Library/Core/Src/usbd_core.o
                0x080083bc                USBD_Init
 .text.USBD_RegisterClass
                0x080083e2       0x32 ./Middlewares/ST/STM32_USB_Device_Library/Core/Src/usbd_core.o
                0x080083e2                USBD_RegisterClass
 .text.USBD_Start
                0x08008414        0x4 ./Middlewares/ST/STM32_USB_Device_Library/Core/Src/usbd_core.o
                0x08008414                USBD_Start
 .text.USBD_SetClassConfig
                0x08008418        0xe ./Middlewares/ST/STM32_USB_Device_Library/Core/Src/usbd_core.o
                0x08008418                USBD_SetClassConfig
 .text.USBD_ClrClassConfig
                0x08008426       0x12 ./Middlewares/ST/STM32_USB_Device_Library/Core/Src/usbd_core.o
                0x08008426                USBD_ClrClassConfig
 .text.USBD_LL_SetupStage
                0x08008438       0x60 ./Middlewares/ST/STM32_USB_Device_Library/Core/Src/usbd_core.o
                0x08008438                USBD_LL_SetupStage
 .text.USBD_LL_DataOutStage
                0x08008498       0x6a ./Middlewares/ST/STM32_USB_Device_Library/Core/Src/usbd_core.o
                0x08008498                USBD_LL_DataOutStage
 .text.USBD_LL_DataInStage
                0x08008502       0xa6 ./Middlewares/ST/STM32_USB_Device_Library/Core/Src/usbd_core.o
                0x08008502                USBD_LL_DataInStage
 .text.USBD_LL_Reset
                0x080085a8       0x5e ./Middlewares/ST/STM32_USB_Device_Library/Core/Src/usbd_core.o
                0x080085a8                USBD_LL_Reset
 .text.USBD_LL_SetSpeed
                0x08008606        0x6 ./Middlewares/ST/STM32_USB_Device_Library/Core/Src/usbd_core.o
                0x08008606                USBD_LL_SetSpeed
 .text.USBD_LL_Suspend
                0x0800860c       0x1c ./Middlewares/ST/STM32_USB_Device_Library/Core/Src/usbd_core.o
                0x0800860c                USBD_LL_Suspend
 .text.USBD_LL_Resume
                0x08008628       0x16 ./Middlewares/ST/STM32_USB_Device_Library/Core/Src/usbd_core.o
                0x08008628                USBD_LL_Resume
 .text.USBD_LL_SOF
                0x0800863e       0x1a ./Middlewares/ST/STM32_USB_Device_Library/Core/Src/usbd_core.o
                0x0800863e                USBD_LL_SOF
 .text.USBD_LL_IsoINIncomplete
                0x08008658       0x26 ./Middlewares/ST/STM32_USB_Device_Library/Core/Src/usbd_core.o
                0x08008658                USBD_LL_IsoINIncomplete
 .text.USBD_LL_IsoOUTIncomplete
                0x0800867e       0x26 ./Middlewares/ST/STM32_USB_Device_Library/Core/Src/usbd_core.o
                0x0800867e                USBD_LL_IsoOUTIncomplete
 .text.USBD_LL_DevConnected
                0x080086a4        0x4 ./Middlewares/ST/STM32_USB_Device_Library/Core/Src/usbd_core.o
                0x080086a4                USBD_LL_DevConnected
 .text.USBD_LL_DevDisconnected
                0x080086a8       0x20 ./Middlewares/ST/STM32_USB_Device_Library/Core/Src/usbd_core.o
                0x080086a8                USBD_LL_DevDisconnected
 .text.USBD_CoreFindIF
                0x080086c8        0x4 ./Middlewares/ST/STM32_USB_Device_Library/Core/Src/usbd_core.o
                0x080086c8                USBD_CoreFindIF
 .text.USBD_CoreFindEP
                0x080086cc        0x4 ./Middlewares/ST/STM32_USB_Device_Library/Core/Src/usbd_core.o
                0x080086cc                USBD_CoreFindEP
 .text.USBD_GetEpDesc
                0x080086d0       0x24 ./Middlewares/ST/STM32_USB_Device_Library/Core/Src/usbd_core.o
                0x080086d0                USBD_GetEpDesc
 .text.USBD_CtlError.constprop.0
                0x080086f4       0x16 ./Middlewares/ST/STM32_USB_Device_Library/Core/Src/usbd_ctlreq.o
 *fill*         0x0800870a        0x2 
 .text.USBD_StdDevReq
                0x0800870c      0x28c ./Middlewares/ST/STM32_USB_Device_Library/Core/Src/usbd_ctlreq.o
                0x0800870c                USBD_StdDevReq
 .text.USBD_StdItfReq
                0x08008998       0x5a ./Middlewares/ST/STM32_USB_Device_Library/Core/Src/usbd_ctlreq.o
                0x08008998                USBD_StdItfReq
 .text.USBD_StdEPReq
                0x080089f2      0x13a ./Middlewares/ST/STM32_USB_Device_Library/Core/Src/usbd_ctlreq.o
                0x080089f2                USBD_StdEPReq
 .text.USBD_ParseSetupRequest
                0x08008b2c       0x16 ./Middlewares/ST/STM32_USB_Device_Library/Core/Src/usbd_ctlreq.o
                0x08008b2c                USBD_ParseSetupRequest
 .text.USBD_CtlError
                0x08008b42       0x16 ./Middlewares/ST/STM32_USB_Device_Library/Core/Src/usbd_ctlreq.o
                0x08008b42                USBD_CtlError
 .text.USBD_GetString
                0x08008b58       0x38 ./Middlewares/ST/STM32_USB_Device_Library/Core/Src/usbd_ctlreq.o
                0x08008b58                USBD_GetString
 .text.USBD_CtlSendData
                0x08008b90       0x1a ./Middlewares/ST/STM32_USB_Device_Library/Core/Src/usbd_ioreq.o
                0x08008b90                USBD_CtlSendData
 .text.USBD_CtlContinueSendData
                0x08008baa       0x10 ./Middlewares/ST/STM32_USB_Device_Library/Core/Src/usbd_ioreq.o
                0x08008baa                USBD_CtlContinueSendData
 .text.USBD_CtlContinueRx
                0x08008bba       0x10 ./Middlewares/ST/STM32_USB_Device_Library/Core/Src/usbd_ioreq.o
                0x08008bba                USBD_CtlContinueRx
 .text.USBD_CtlSendStatus
                0x08008bca       0x16 ./Middlewares/ST/STM32_USB_Device_Library/Core/Src/usbd_ioreq.o
                0x08008bca                USBD_CtlSendStatus
 .text.USBD_CtlReceiveStatus
                0x08008be0       0x16 ./Middlewares/ST/STM32_USB_Device_Library/Core/Src/usbd_ioreq.o
                0x08008be0                USBD_CtlReceiveStatus
 .text.SysTick_Handler
                0x08008bf6       0x1a ./Middlewares/Third_Party/FreeRTOS/Source/CMSIS_RTOS_V2/cmsis_os2.o
                0x08008bf6                SysTick_Handler
 .text.osKernelInitialize
                0x08008c10       0x24 ./Middlewares/Third_Party/FreeRTOS/Source/CMSIS_RTOS_V2/cmsis_os2.o
                0x08008c10                osKernelInitialize
 .text.osKernelStart
                0x08008c34       0x34 ./Middlewares/Third_Party/FreeRTOS/Source/CMSIS_RTOS_V2/cmsis_os2.o
                0x08008c34                osKernelStart
 .text.osKernelGetTickCount
                0x08008c68        0xe ./Middlewares/Third_Party/FreeRTOS/Source/CMSIS_RTOS_V2/cmsis_os2.o
                0x08008c68                osKernelGetTickCount
 .text.osThreadNew
                0x08008c76       0x8e ./Middlewares/Third_Party/FreeRTOS/Source/CMSIS_RTOS_V2/cmsis_os2.o
                0x08008c76                osThreadNew
 .text.osDelay  0x08008d04       0x18 ./Middlewares/Third_Party/FreeRTOS/Source/CMSIS_RTOS_V2/cmsis_os2.o
                0x08008d04                osDelay
 .text.osDelayUntil
                0x08008d1c       0x2e ./Middlewares/Third_Party/FreeRTOS/Source/CMSIS_RTOS_V2/cmsis_os2.o
                0x08008d1c                osDelayUntil
 .text.osEventFlagsSet
                0x08008d4a       0x52 ./Middlewares/Third_Party/FreeRTOS/Source/CMSIS_RTOS_V2/cmsis_os2.o
                0x08008d4a                osEventFlagsSet
 .text.osEventFlagsClear
                0x08008d9c       0x3c ./Middlewares/Third_Party/FreeRTOS/Source/CMSIS_RTOS_V2/cmsis_os2.o
                0x08008d9c                osEventFlagsClear
 .text.osMessageQueuePut
                0x08008dd8       0x62 ./Middlewares/Third_Party/FreeRTOS/Source/CMSIS_RTOS_V2/cmsis_os2.o
                0x08008dd8                osMessageQueuePut
 *fill*         0x08008e3a        0x2 
 .text.vApplicationGetIdleTaskMemory
                0x08008e3c       0x18 ./Middlewares/Third_Party/FreeRTOS/Source/CMSIS_RTOS_V2/cmsis_os2.o
                0x08008e3c                vApplicationGetIdleTaskMemory
 .text.vApplicationGetTimerTaskMemory
                0x08008e54       0x18 ./Middlewares/Third_Party/FreeRTOS/Source/CMSIS_RTOS_V2/cmsis_os2.o
                0x08008e54                vApplicationGetTimerTaskMemory
 .text.xEventGroupClearBits
                0x08008e6c       0x46 ./Middlewares/Third_Party/FreeRTOS/Source/event_groups.o
                0x08008e6c                xEventGroupClearBits
 .text.vEventGroupClearBitsCallback
                0x08008eb2        0x4 ./Middlewares/Third_Party/FreeRTOS/Source/event_groups.o
                0x08008eb2                vEventGroupClearBitsCallback
 *fill*         0x08008eb6        0x2 
 .text.xEventGroupClearBitsFromISR
                0x08008eb8       0x10 ./Middlewares/Third_Party/FreeRTOS/Source/event_groups.o
                0x08008eb8                xEventGroupClearBitsFromISR
 .text.xEventGroupGetBitsFromISR
                0x08008ec8       0x1c ./Middlewares/Third_Party/FreeRTOS/Source/event_groups.o
                0x08008ec8                xEventGroupGetBitsFromISR
 .text.xEventGroupSetBits
                0x08008ee4       0x88 ./Middlewares/Third_Party/FreeRTOS/Source/event_groups.o
                0x08008ee4                xEventGroupSetBits
 .text.vEventGroupSetBitsCallback
                0x08008f6c        0x4 ./Middlewares/Third_Party/FreeRTOS/Source/event_groups.o
                0x08008f6c                vEventGroupSetBitsCallback
 .text.xEventGroupSetBitsFromISR
                0x08008f70       0x10 ./Middlewares/Third_Party/FreeRTOS/Source/event_groups.o
                0x08008f70                xEventGroupSetBitsFromISR
 .text.vListInitialise
                0x08008f80       0x16 ./Middlewares/Third_Party/FreeRTOS/Source/list.o
                0x08008f80                vListInitialise
 .text.vListInitialiseItem
                0x08008f96        0x6 ./Middlewares/Third_Party/FreeRTOS/Source/list.o
                0x08008f96                vListInitialiseItem
 .text.vListInsertEnd
                0x08008f9c       0x16 ./Middlewares/Third_Party/FreeRTOS/Source/list.o
                0x08008f9c                vListInsertEnd
 .text.vListInsert
                0x08008fb2       0x2e ./Middlewares/Third_Party/FreeRTOS/Source/list.o
                0x08008fb2                vListInsert
 .text.uxListRemove
                0x08008fe0       0x20 ./Middlewares/Third_Party/FreeRTOS/Source/list.o
                0x08008fe0                uxListRemove
 .text.prvIsQueueEmpty
                0x08009000       0x16 ./Middlewares/Third_Party/FreeRTOS/Source/queue.o
 .text.prvCopyDataToQueue
                0x08009016       0x66 ./Middlewares/Third_Party/FreeRTOS/Source/queue.o
 .text.prvCopyDataFromQueue
                0x0800907c       0x2c ./Middlewares/Third_Party/FreeRTOS/Source/queue.o
 .text.prvUnlockQueue
                0x080090a8       0x70 ./Middlewares/Third_Party/FreeRTOS/Source/queue.o
 .text.xQueueGenericReset
                0x08009118       0x7e ./Middlewares/Third_Party/FreeRTOS/Source/queue.o
                0x08009118                xQueueGenericReset
 .text.xQueueGenericCreateStatic
                0x08009196       0x9c ./Middlewares/Third_Party/FreeRTOS/Source/queue.o
                0x08009196                xQueueGenericCreateStatic
 .text.xQueueGenericSend
                0x08009232      0x164 ./Middlewares/Third_Party/FreeRTOS/Source/queue.o
                0x08009232                xQueueGenericSend
 .text.xQueueGenericSendFromISR
                0x08009396       0xba ./Middlewares/Third_Party/FreeRTOS/Source/queue.o
                0x08009396                xQueueGenericSendFromISR
 .text.xQueueReceive
                0x08009450      0x13c ./Middlewares/Third_Party/FreeRTOS/Source/queue.o
                0x08009450                xQueueReceive
 .text.vQueueAddToRegistry
                0x0800958c       0x24 ./Middlewares/Third_Party/FreeRTOS/Source/queue.o
                0x0800958c                vQueueAddToRegistry
 .text.vQueueWaitForMessageRestricted
                0x080095b0       0x46 ./Middlewares/Third_Party/FreeRTOS/Source/queue.o
                0x080095b0                vQueueWaitForMessageRestricted
 *fill*         0x080095f6        0x2 
 .text.prvAddNewTaskToReadyList
                0x080095f8      0x100 ./Middlewares/Third_Party/FreeRTOS/Source/tasks.o
 .text.prvAddCurrentTaskToDelayedList
                0x080096f8       0x70 ./Middlewares/Third_Party/FreeRTOS/Source/tasks.o
 .text.prvResetNextTaskUnblockTime
                0x08009768       0x24 ./Middlewares/Third_Party/FreeRTOS/Source/tasks.o
 .text.prvDeleteTCB
                0x0800978c       0x3c ./Middlewares/Third_Party/FreeRTOS/Source/tasks.o
 .text.prvIdleTask
                0x080097c8       0x60 ./Middlewares/Third_Party/FreeRTOS/Source/tasks.o
 .text.prvInitialiseNewTask.constprop.0
                0x08009828       0xb8 ./Middlewares/Third_Party/FreeRTOS/Source/tasks.o
 .text.xTaskCreateStatic
                0x080098e0       0x70 ./Middlewares/Third_Party/FreeRTOS/Source/tasks.o
                0x080098e0                xTaskCreateStatic
 .text.xTaskCreate
                0x08009950       0x5c ./Middlewares/Third_Party/FreeRTOS/Source/tasks.o
                0x08009950                xTaskCreate
 .text.vTaskStartScheduler
                0x080099ac       0xa0 ./Middlewares/Third_Party/FreeRTOS/Source/tasks.o
                0x080099ac                vTaskStartScheduler
 .text.vTaskSuspendAll
                0x08009a4c       0x10 ./Middlewares/Third_Party/FreeRTOS/Source/tasks.o
                0x08009a4c                vTaskSuspendAll
 .text.xTaskGetTickCount
                0x08009a5c        0xc ./Middlewares/Third_Party/FreeRTOS/Source/tasks.o
                0x08009a5c                xTaskGetTickCount
 .text.xTaskGetTickCountFromISR
                0x08009a68       0x10 ./Middlewares/Third_Party/FreeRTOS/Source/tasks.o
                0x08009a68                xTaskGetTickCountFromISR
 .text.xTaskIncrementTick
                0x08009a78      0x12c ./Middlewares/Third_Party/FreeRTOS/Source/tasks.o
                0x08009a78                xTaskIncrementTick
 .text.xTaskResumeAll
                0x08009ba4       0xe8 ./Middlewares/Third_Party/FreeRTOS/Source/tasks.o
                0x08009ba4                xTaskResumeAll
 .text.vTaskDelayUntil
                0x08009c8c       0x94 ./Middlewares/Third_Party/FreeRTOS/Source/tasks.o
                0x08009c8c                vTaskDelayUntil
 .text.vTaskDelay
                0x08009d20       0x48 ./Middlewares/Third_Party/FreeRTOS/Source/tasks.o
                0x08009d20                vTaskDelay
 .text.vTaskSwitchContext
                0x08009d68       0x80 ./Middlewares/Third_Party/FreeRTOS/Source/tasks.o
                0x08009d68                vTaskSwitchContext
 .text.vTaskPlaceOnEventList
                0x08009de8       0x34 ./Middlewares/Third_Party/FreeRTOS/Source/tasks.o
                0x08009de8                vTaskPlaceOnEventList
 .text.vTaskPlaceOnEventListRestricted
                0x08009e1c       0x3c ./Middlewares/Third_Party/FreeRTOS/Source/tasks.o
                0x08009e1c                vTaskPlaceOnEventListRestricted
 .text.xTaskRemoveFromEventList
                0x08009e58       0x80 ./Middlewares/Third_Party/FreeRTOS/Source/tasks.o
                0x08009e58                xTaskRemoveFromEventList
 .text.vTaskRemoveFromUnorderedEventList
                0x08009ed8       0x84 ./Middlewares/Third_Party/FreeRTOS/Source/tasks.o
                0x08009ed8                vTaskRemoveFromUnorderedEventList
 .text.vTaskInternalSetTimeOutState
                0x08009f5c       0x18 ./Middlewares/Third_Party/FreeRTOS/Source/tasks.o
                0x08009f5c                vTaskInternalSetTimeOutState
 .text.xTaskCheckForTimeOut
                0x08009f74       0x78 ./Middlewares/Third_Party/FreeRTOS/Source/tasks.o
                0x08009f74                xTaskCheckForTimeOut
 .text.vTaskMissedYield
                0x08009fec        0xc ./Middlewares/Third_Party/FreeRTOS/Source/tasks.o
                0x08009fec                vTaskMissedYield
 .text.uxTaskGetStackHighWaterMark
                0x08009ff8       0x20 ./Middlewares/Third_Party/FreeRTOS/Source/tasks.o
                0x08009ff8                uxTaskGetStackHighWaterMark
 .text.xTaskGetSchedulerState
                0x0800a018       0x20 ./Middlewares/Third_Party/FreeRTOS/Source/tasks.o
                0x0800a018                xTaskGetSchedulerState
 .text.xTaskPriorityDisinherit
                0x0800a038       0x84 ./Middlewares/Third_Party/FreeRTOS/Source/tasks.o
                0x0800a038                xTaskPriorityDisinherit
 .text.prvInsertTimerInActiveList
                0x0800a0bc       0x3c ./Middlewares/Third_Party/FreeRTOS/Source/timers.o
 .text.prvCheckForValidListAndQueue
                0x0800a0f8       0x68 ./Middlewares/Third_Party/FreeRTOS/Source/timers.o
 .text.xTimerCreateTimerTask
                0x0800a160       0x64 ./Middlewares/Third_Party/FreeRTOS/Source/timers.o
                0x0800a160                xTimerCreateTimerTask
 .text.xTimerGenericCommand
                0x0800a1c4       0x58 ./Middlewares/Third_Party/FreeRTOS/Source/timers.o
                0x0800a1c4                xTimerGenericCommand
 .text.prvSampleTimeNow
                0x0800a21c       0xa4 ./Middlewares/Third_Party/FreeRTOS/Source/timers.o
 .text.prvTimerTask
                0x0800a2c0      0x1cc ./Middlewares/Third_Party/FreeRTOS/Source/timers.o
 .text.xTimerPendFunctionCallFromISR
                0x0800a48c       0x28 ./Middlewares/Third_Party/FreeRTOS/Source/timers.o
                0x0800a48c                xTimerPendFunctionCallFromISR
 .text.prvPortStartFirstTask
                0x0800a4b4       0x28 ./Middlewares/Third_Party/FreeRTOS/Source/portable/GCC/ARM_CM4F/port.o
 .text.vPortEnableVFP
                0x0800a4dc       0x14 ./Middlewares/Third_Party/FreeRTOS/Source/portable/GCC/ARM_CM4F/port.o
 .text.prvTaskExitError
                0x0800a4f0       0x40 ./Middlewares/Third_Party/FreeRTOS/Source/portable/GCC/ARM_CM4F/port.o
 .text.pxPortInitialiseStack
                0x0800a530       0x2c ./Middlewares/Third_Party/FreeRTOS/Source/portable/GCC/ARM_CM4F/port.o
                0x0800a530                pxPortInitialiseStack
 *fill*         0x0800a55c        0x4 
 .text.SVC_Handler
                0x0800a560       0x24 ./Middlewares/Third_Party/FreeRTOS/Source/portable/GCC/ARM_CM4F/port.o
                0x0800a560                SVC_Handler
 .text.vPortEnterCritical
                0x0800a584       0x40 ./Middlewares/Third_Party/FreeRTOS/Source/portable/GCC/ARM_CM4F/port.o
                0x0800a584                vPortEnterCritical
 .text.vPortExitCritical
                0x0800a5c4       0x28 ./Middlewares/Third_Party/FreeRTOS/Source/portable/GCC/ARM_CM4F/port.o
                0x0800a5c4                vPortExitCritical
 *fill*         0x0800a5ec        0x4 
 .text.PendSV_Handler
                0x0800a5f0       0x64 ./Middlewares/Third_Party/FreeRTOS/Source/portable/GCC/ARM_CM4F/port.o
                0x0800a5f0                PendSV_Handler
 .text.xPortSysTickHandler
                0x0800a654       0x2c ./Middlewares/Third_Party/FreeRTOS/Source/portable/GCC/ARM_CM4F/port.o
                0x0800a654                xPortSysTickHandler
 .text.vPortSetupTimerInterrupt
                0x0800a680       0x24 ./Middlewares/Third_Party/FreeRTOS/Source/portable/GCC/ARM_CM4F/port.o
                0x0800a680                vPortSetupTimerInterrupt
 .text.xPortStartScheduler
                0x0800a6a4      0x104 ./Middlewares/Third_Party/FreeRTOS/Source/portable/GCC/ARM_CM4F/port.o
                0x0800a6a4                xPortStartScheduler
 .text.vPortValidateInterruptPriority
                0x0800a7a8       0x5c ./Middlewares/Third_Party/FreeRTOS/Source/portable/GCC/ARM_CM4F/port.o
                0x0800a7a8                vPortValidateInterruptPriority
 .text.prvInsertBlockIntoFreeList
                0x0800a804       0x4c ./Middlewares/Third_Party/FreeRTOS/Source/portable/MemMang/heap_4.o
 .text.pvPortMalloc
                0x0800a850      0x130 ./Middlewares/Third_Party/FreeRTOS/Source/portable/MemMang/heap_4.o
                0x0800a850                pvPortMalloc
 .text.vPortFree
                0x0800a980       0x7c ./Middlewares/Third_Party/FreeRTOS/Source/portable/MemMang/heap_4.o
                0x0800a980                vPortFree
 .text.MX_USB_DEVICE_Init
                0x0800a9fc       0x50 ./USB_DEVICE/App/usb_device.o
                0x0800a9fc                MX_USB_DEVICE_Init
 .text.USBD_FS_DeviceDescriptor
                0x0800aa4c        0xc ./USB_DEVICE/App/usbd_desc.o
                0x0800aa4c                USBD_FS_DeviceDescriptor
 .text.USBD_FS_LangIDStrDescriptor
                0x0800aa58        0xc ./USB_DEVICE/App/usbd_desc.o
                0x0800aa58                USBD_FS_LangIDStrDescriptor
 .text.IntToUnicode
                0x0800aa64       0x2a ./USB_DEVICE/App/usbd_desc.o
 *fill*         0x0800aa8e        0x2 
 .text.USBD_FS_SerialStrDescriptor
                0x0800aa90       0x3c ./USB_DEVICE/App/usbd_desc.o
                0x0800aa90                USBD_FS_SerialStrDescriptor
 .text.USBD_FS_ManufacturerStrDescriptor
                0x0800aacc       0x1c ./USB_DEVICE/App/usbd_desc.o
                0x0800aacc                USBD_FS_ManufacturerStrDescriptor
 .text.USBD_FS_ProductStrDescriptor
                0x0800aae8       0x1c ./USB_DEVICE/App/usbd_desc.o
                0x0800aae8                USBD_FS_ProductStrDescriptor
 .text.USBD_FS_ConfigStrDescriptor
                0x0800ab04       0x1c ./USB_DEVICE/App/usbd_desc.o
                0x0800ab04                USBD_FS_ConfigStrDescriptor
 .text.USBD_FS_InterfaceStrDescriptor
                0x0800ab20       0x1c ./USB_DEVICE/App/usbd_desc.o
                0x0800ab20                USBD_FS_InterfaceStrDescriptor
 .text.STORAGE_Init_FS
                0x0800ab3c        0x4 ./USB_DEVICE/App/usbd_storage_if.o
 .text.STORAGE_GetCapacity_FS
                0x0800ab40       0x10 ./USB_DEVICE/App/usbd_storage_if.o
 .text.STORAGE_Read_FS
                0x0800ab50        0x4 ./USB_DEVICE/App/usbd_storage_if.o
 .text.STORAGE_GetMaxLun_FS
                0x0800ab54        0x4 ./USB_DEVICE/App/usbd_storage_if.o
 .text.STORAGE_Write_FS
                0x0800ab58        0x4 ./USB_DEVICE/App/usbd_storage_if.o
 .text.STORAGE_IsReady_FS
                0x0800ab5c        0x4 ./USB_DEVICE/App/usbd_storage_if.o
 .text.STORAGE_IsWriteProtected_FS
                0x0800ab60        0x4 ./USB_DEVICE/App/usbd_storage_if.o
 .text.HAL_PCD_MspInit
                0x0800ab64       0x84 ./USB_DEVICE/Target/usbd_conf.o
                0x0800ab64                HAL_PCD_MspInit
 .text.HAL_PCD_SetupStageCallback
                0x0800abe8        0xc ./USB_DEVICE/Target/usbd_conf.o
                0x0800abe8                HAL_PCD_SetupStageCallback
 .text.HAL_PCD_DataOutStageCallback
                0x0800abf4       0x12 ./USB_DEVICE/Target/usbd_conf.o
                0x0800abf4                HAL_PCD_DataOutStageCallback
 .text.HAL_PCD_DataInStageCallback
                0x0800ac06       0x10 ./USB_DEVICE/Target/usbd_conf.o
                0x0800ac06                HAL_PCD_DataInStageCallback
 .text.HAL_PCD_SOFCallback
                0x0800ac16        0x8 ./USB_DEVICE/Target/usbd_conf.o
                0x0800ac16                HAL_PCD_SOFCallback
 .text.HAL_PCD_ResetCallback
                0x0800ac1e       0x24 ./USB_DEVICE/Target/usbd_conf.o
                0x0800ac1e                HAL_PCD_ResetCallback
 *fill*         0x0800ac42        0x2 
 .text.HAL_PCD_SuspendCallback
                0x0800ac44       0x30 ./USB_DEVICE/Target/usbd_conf.o
                0x0800ac44                HAL_PCD_SuspendCallback
 .text.HAL_PCD_ResumeCallback
                0x0800ac74        0x8 ./USB_DEVICE/Target/usbd_conf.o
                0x0800ac74                HAL_PCD_ResumeCallback
 .text.HAL_PCD_ISOOUTIncompleteCallback
                0x0800ac7c        0x8 ./USB_DEVICE/Target/usbd_conf.o
                0x0800ac7c                HAL_PCD_ISOOUTIncompleteCallback
 .text.HAL_PCD_ISOINIncompleteCallback
                0x0800ac84        0x8 ./USB_DEVICE/Target/usbd_conf.o
                0x0800ac84                HAL_PCD_ISOINIncompleteCallback
 .text.HAL_PCD_ConnectCallback
                0x0800ac8c        0x8 ./USB_DEVICE/Target/usbd_conf.o
                0x0800ac8c                HAL_PCD_ConnectCallback
 .text.HAL_PCD_DisconnectCallback
                0x0800ac94        0x8 ./USB_DEVICE/Target/usbd_conf.o
                0x0800ac94                HAL_PCD_DisconnectCallback
 .text.USBD_LL_Init
                0x0800ac9c       0x5c ./USB_DEVICE/Target/usbd_conf.o
                0x0800ac9c                USBD_LL_Init
 .text.USBD_LL_IsStallEP
                0x0800acf8       0x24 ./USB_DEVICE/Target/usbd_conf.o
                0x0800acf8                USBD_LL_IsStallEP
 .text.USBD_LL_GetRxDataSize
                0x0800ad1c        0x8 ./USB_DEVICE/Target/usbd_conf.o
                0x0800ad1c                USBD_LL_GetRxDataSize
 .text.USBD_static_malloc
                0x0800ad24        0x8 ./USB_DEVICE/Target/usbd_conf.o
                0x0800ad24                USBD_static_malloc
 .text.USBD_static_free
                0x0800ad2c        0x2 ./USB_DEVICE/Target/usbd_conf.o
                0x0800ad2c                USBD_static_free
 .text.USBD_Get_USB_Status
                0x0800ad2e        0xc ./USB_DEVICE/Target/usbd_conf.o
                0x0800ad2e                USBD_Get_USB_Status
 .text.USBD_LL_Start
                0x0800ad3a       0x12 ./USB_DEVICE/Target/usbd_conf.o
                0x0800ad3a                USBD_LL_Start
 .text.USBD_LL_OpenEP
                0x0800ad4c       0x18 ./USB_DEVICE/Target/usbd_conf.o
                0x0800ad4c                USBD_LL_OpenEP
 .text.USBD_LL_CloseEP
                0x0800ad64       0x12 ./USB_DEVICE/Target/usbd_conf.o
                0x0800ad64                USBD_LL_CloseEP
 .text.USBD_LL_FlushEP
                0x0800ad76       0x12 ./USB_DEVICE/Target/usbd_conf.o
                0x0800ad76                USBD_LL_FlushEP
 .text.USBD_LL_StallEP
                0x0800ad88       0x12 ./USB_DEVICE/Target/usbd_conf.o
                0x0800ad88                USBD_LL_StallEP
 .text.USBD_LL_ClearStallEP
                0x0800ad9a       0x12 ./USB_DEVICE/Target/usbd_conf.o
                0x0800ad9a                USBD_LL_ClearStallEP
 .text.USBD_LL_SetUSBAddress
                0x0800adac       0x12 ./USB_DEVICE/Target/usbd_conf.o
                0x0800adac                USBD_LL_SetUSBAddress
 .text.USBD_LL_Transmit
                0x0800adbe       0x12 ./USB_DEVICE/Target/usbd_conf.o
                0x0800adbe                USBD_LL_Transmit
 .text.USBD_LL_PrepareReceive
                0x0800add0       0x12 ./USB_DEVICE/Target/usbd_conf.o
                0x0800add0                USBD_LL_PrepareReceive
 *fill*         0x0800ade2        0x2 
 .text.std      0x0800ade4       0x6c C:/ST/STM32CubeIDE_1.15.0/STM32CubeIDE/plugins/com.st.stm32cube.ide.mcu.externaltools.gnu-tools-for-stm32.12.3.rel1.win32_1.0.200.202406191623/tools/bin/../lib/gcc/arm-none-eabi/12.3.1/../../../../arm-none-eabi/lib/thumb/v7e-m+fp/hard\libc_nano.a(libc_a-findfp.o)
 .text.stdio_exit_handler
                0x0800ae50       0x18 C:/ST/STM32CubeIDE_1.15.0/STM32CubeIDE/plugins/com.st.stm32cube.ide.mcu.externaltools.gnu-tools-for-stm32.12.3.rel1.win32_1.0.200.202406191623/tools/bin/../lib/gcc/arm-none-eabi/12.3.1/../../../../arm-none-eabi/lib/thumb/v7e-m+fp/hard\libc_nano.a(libc_a-findfp.o)
 .text.cleanup_stdio
                0x0800ae68       0x40 C:/ST/STM32CubeIDE_1.15.0/STM32CubeIDE/plugins/com.st.stm32cube.ide.mcu.externaltools.gnu-tools-for-stm32.12.3.rel1.win32_1.0.200.202406191623/tools/bin/../lib/gcc/arm-none-eabi/12.3.1/../../../../arm-none-eabi/lib/thumb/v7e-m+fp/hard\libc_nano.a(libc_a-findfp.o)
 .text.global_stdio_init.part.0
                0x0800aea8       0x3c C:/ST/STM32CubeIDE_1.15.0/STM32CubeIDE/plugins/com.st.stm32cube.ide.mcu.externaltools.gnu-tools-for-stm32.12.3.rel1.win32_1.0.200.202406191623/tools/bin/../lib/gcc/arm-none-eabi/12.3.1/../../../../arm-none-eabi/lib/thumb/v7e-m+fp/hard\libc_nano.a(libc_a-findfp.o)
 .text.__sfp_lock_acquire
                0x0800aee4        0xc C:/ST/STM32CubeIDE_1.15.0/STM32CubeIDE/plugins/com.st.stm32cube.ide.mcu.externaltools.gnu-tools-for-stm32.12.3.rel1.win32_1.0.200.202406191623/tools/bin/../lib/gcc/arm-none-eabi/12.3.1/../../../../arm-none-eabi/lib/thumb/v7e-m+fp/hard\libc_nano.a(libc_a-findfp.o)
                0x0800aee4                __sfp_lock_acquire
 .text.__sfp_lock_release
                0x0800aef0        0xc C:/ST/STM32CubeIDE_1.15.0/STM32CubeIDE/plugins/com.st.stm32cube.ide.mcu.externaltools.gnu-tools-for-stm32.12.3.rel1.win32_1.0.200.202406191623/tools/bin/../lib/gcc/arm-none-eabi/12.3.1/../../../../arm-none-eabi/lib/thumb/v7e-m+fp/hard\libc_nano.a(libc_a-findfp.o)
                0x0800aef0                __sfp_lock_release
 .text.__sinit  0x0800aefc       0x30 C:/ST/STM32CubeIDE_1.15.0/STM32CubeIDE/plugins/com.st.stm32cube.ide.mcu.externaltools.gnu-tools-for-stm32.12.3.rel1.win32_1.0.200.202406191623/tools/bin/../lib/gcc/arm-none-eabi/12.3.1/../../../../arm-none-eabi/lib/thumb/v7e-m+fp/hard\libc_nano.a(libc_a-findfp.o)
                0x0800aefc                __sinit
 .text._fwalk_sglue
                0x0800af2c       0x3c C:/ST/STM32CubeIDE_1.15.0/STM32CubeIDE/plugins/com.st.stm32cube.ide.mcu.externaltools.gnu-tools-for-stm32.12.3.rel1.win32_1.0.200.202406191623/tools/bin/../lib/gcc/arm-none-eabi/12.3.1/../../../../arm-none-eabi/lib/thumb/v7e-m+fp/hard\libc_nano.a(libc_a-fwalk.o)
                0x0800af2c                _fwalk_sglue
 .text.printf   0x0800af68       0x24 C:/ST/STM32CubeIDE_1.15.0/STM32CubeIDE/plugins/com.st.stm32cube.ide.mcu.externaltools.gnu-tools-for-stm32.12.3.rel1.win32_1.0.200.202406191623/tools/bin/../lib/gcc/arm-none-eabi/12.3.1/../../../../arm-none-eabi/lib/thumb/v7e-m+fp/hard\libc_nano.a(libc_a-printf.o)
                0x0800af68                iprintf
                0x0800af68                printf
 .text.__sread  0x0800af8c       0x22 C:/ST/STM32CubeIDE_1.15.0/STM32CubeIDE/plugins/com.st.stm32cube.ide.mcu.externaltools.gnu-tools-for-stm32.12.3.rel1.win32_1.0.200.202406191623/tools/bin/../lib/gcc/arm-none-eabi/12.3.1/../../../../arm-none-eabi/lib/thumb/v7e-m+fp/hard\libc_nano.a(libc_a-stdio.o)
                0x0800af8c                __sread
 .text.__swrite
                0x0800afae       0x38 C:/ST/STM32CubeIDE_1.15.0/STM32CubeIDE/plugins/com.st.stm32cube.ide.mcu.externaltools.gnu-tools-for-stm32.12.3.rel1.win32_1.0.200.202406191623/tools/bin/../lib/gcc/arm-none-eabi/12.3.1/../../../../arm-none-eabi/lib/thumb/v7e-m+fp/hard\libc_nano.a(libc_a-stdio.o)
                0x0800afae                __swrite
 .text.__sseek  0x0800afe6       0x24 C:/ST/STM32CubeIDE_1.15.0/STM32CubeIDE/plugins/com.st.stm32cube.ide.mcu.externaltools.gnu-tools-for-stm32.12.3.rel1.win32_1.0.200.202406191623/tools/bin/../lib/gcc/arm-none-eabi/12.3.1/../../../../arm-none-eabi/lib/thumb/v7e-m+fp/hard\libc_nano.a(libc_a-stdio.o)
                0x0800afe6                __sseek
 .text.__sclose
                0x0800b00a        0x8 C:/ST/STM32CubeIDE_1.15.0/STM32CubeIDE/plugins/com.st.stm32cube.ide.mcu.externaltools.gnu-tools-for-stm32.12.3.rel1.win32_1.0.200.202406191623/tools/bin/../lib/gcc/arm-none-eabi/12.3.1/../../../../arm-none-eabi/lib/thumb/v7e-m+fp/hard\libc_nano.a(libc_a-stdio.o)
                0x0800b00a                __sclose
 .text.memset   0x0800b012       0x10 C:/ST/STM32CubeIDE_1.15.0/STM32CubeIDE/plugins/com.st.stm32cube.ide.mcu.externaltools.gnu-tools-for-stm32.12.3.rel1.win32_1.0.200.202406191623/tools/bin/../lib/gcc/arm-none-eabi/12.3.1/../../../../arm-none-eabi/lib/thumb/v7e-m+fp/hard\libc_nano.a(libc_a-memset.o)
                0x0800b012                memset
 *fill*         0x0800b022        0x2 
 .text._close_r
                0x0800b024       0x20 C:/ST/STM32CubeIDE_1.15.0/STM32CubeIDE/plugins/com.st.stm32cube.ide.mcu.externaltools.gnu-tools-for-stm32.12.3.rel1.win32_1.0.200.202406191623/tools/bin/../lib/gcc/arm-none-eabi/12.3.1/../../../../arm-none-eabi/lib/thumb/v7e-m+fp/hard\libc_nano.a(libc_a-closer.o)
                0x0800b024                _close_r
 .text._reclaim_reent
                0x0800b044       0xac C:/ST/STM32CubeIDE_1.15.0/STM32CubeIDE/plugins/com.st.stm32cube.ide.mcu.externaltools.gnu-tools-for-stm32.12.3.rel1.win32_1.0.200.202406191623/tools/bin/../lib/gcc/arm-none-eabi/12.3.1/../../../../arm-none-eabi/lib/thumb/v7e-m+fp/hard\libc_nano.a(libc_a-reent.o)
                0x0800b044                _reclaim_reent
 .text._lseek_r
                0x0800b0f0       0x24 C:/ST/STM32CubeIDE_1.15.0/STM32CubeIDE/plugins/com.st.stm32cube.ide.mcu.externaltools.gnu-tools-for-stm32.12.3.rel1.win32_1.0.200.202406191623/tools/bin/../lib/gcc/arm-none-eabi/12.3.1/../../../../arm-none-eabi/lib/thumb/v7e-m+fp/hard\libc_nano.a(libc_a-lseekr.o)
                0x0800b0f0                _lseek_r
 .text._read_r  0x0800b114       0x24 C:/ST/STM32CubeIDE_1.15.0/STM32CubeIDE/plugins/com.st.stm32cube.ide.mcu.externaltools.gnu-tools-for-stm32.12.3.rel1.win32_1.0.200.202406191623/tools/bin/../lib/gcc/arm-none-eabi/12.3.1/../../../../arm-none-eabi/lib/thumb/v7e-m+fp/hard\libc_nano.a(libc_a-readr.o)
                0x0800b114                _read_r
 .text._write_r
                0x0800b138       0x24 C:/ST/STM32CubeIDE_1.15.0/STM32CubeIDE/plugins/com.st.stm32cube.ide.mcu.externaltools.gnu-tools-for-stm32.12.3.rel1.win32_1.0.200.202406191623/tools/bin/../lib/gcc/arm-none-eabi/12.3.1/../../../../arm-none-eabi/lib/thumb/v7e-m+fp/hard\libc_nano.a(libc_a-writer.o)
                0x0800b138                _write_r
 .text.__errno  0x0800b15c        0xc C:/ST/STM32CubeIDE_1.15.0/STM32CubeIDE/plugins/com.st.stm32cube.ide.mcu.externaltools.gnu-tools-for-stm32.12.3.rel1.win32_1.0.200.202406191623/tools/bin/../lib/gcc/arm-none-eabi/12.3.1/../../../../arm-none-eabi/lib/thumb/v7e-m+fp/hard\libc_nano.a(libc_a-errno.o)
                0x0800b15c                __errno
 .text.__libc_init_array
                0x0800b168       0x48 C:/ST/STM32CubeIDE_1.15.0/STM32CubeIDE/plugins/com.st.stm32cube.ide.mcu.externaltools.gnu-tools-for-stm32.12.3.rel1.win32_1.0.200.202406191623/tools/bin/../lib/gcc/arm-none-eabi/12.3.1/../../../../arm-none-eabi/lib/thumb/v7e-m+fp/hard\libc_nano.a(libc_a-init.o)
                0x0800b168                __libc_init_array
 .text.__retarget_lock_init_recursive
                0x0800b1b0        0x2 C:/ST/STM32CubeIDE_1.15.0/STM32CubeIDE/plugins/com.st.stm32cube.ide.mcu.externaltools.gnu-tools-for-stm32.12.3.rel1.win32_1.0.200.202406191623/tools/bin/../lib/gcc/arm-none-eabi/12.3.1/../../../../arm-none-eabi/lib/thumb/v7e-m+fp/hard\libc_nano.a(libc_a-lock.o)
                0x0800b1b0                __retarget_lock_init_recursive
 .text.__retarget_lock_acquire_recursive
                0x0800b1b2        0x2 C:/ST/STM32CubeIDE_1.15.0/STM32CubeIDE/plugins/com.st.stm32cube.ide.mcu.externaltools.gnu-tools-for-stm32.12.3.rel1.win32_1.0.200.202406191623/tools/bin/../lib/gcc/arm-none-eabi/12.3.1/../../../../arm-none-eabi/lib/thumb/v7e-m+fp/hard\libc_nano.a(libc_a-lock.o)
                0x0800b1b2                __retarget_lock_acquire_recursive
 .text.__retarget_lock_release_recursive
                0x0800b1b4        0x2 C:/ST/STM32CubeIDE_1.15.0/STM32CubeIDE/plugins/com.st.stm32cube.ide.mcu.externaltools.gnu-tools-for-stm32.12.3.rel1.win32_1.0.200.202406191623/tools/bin/../lib/gcc/arm-none-eabi/12.3.1/../../../../arm-none-eabi/lib/thumb/v7e-m+fp/hard\libc_nano.a(libc_a-lock.o)
                0x0800b1b4                __retarget_lock_release_recursive
 .text.memcpy   0x0800b1b6       0x1c C:/ST/STM32CubeIDE_1.15.0/STM32CubeIDE/plugins/com.st.stm32cube.ide.mcu.externaltools.gnu-tools-for-stm32.12.3.rel1.win32_1.0.200.202406191623/tools/bin/../lib/gcc/arm-none-eabi/12.3.1/../../../../arm-none-eabi/lib/thumb/v7e-m+fp/hard\libc_nano.a(libc_a-memcpy-stub.o)
                0x0800b1b6                memcpy
 *fill*         0x0800b1d2        0x2 
 .text._free_r  0x0800b1d4       0x94 C:/ST/STM32CubeIDE_1.15.0/STM32CubeIDE/plugins/com.st.stm32cube.ide.mcu.externaltools.gnu-tools-for-stm32.12.3.rel1.win32_1.0.200.202406191623/tools/bin/../lib/gcc/arm-none-eabi/12.3.1/../../../../arm-none-eabi/lib/thumb/v7e-m+fp/hard\libc_nano.a(libc_a-freer.o)
                0x0800b1d4                _free_r
 .text.sbrk_aligned
                0x0800b268       0x44 C:/ST/STM32CubeIDE_1.15.0/STM32CubeIDE/plugins/com.st.stm32cube.ide.mcu.externaltools.gnu-tools-for-stm32.12.3.rel1.win32_1.0.200.202406191623/tools/bin/../lib/gcc/arm-none-eabi/12.3.1/../../../../arm-none-eabi/lib/thumb/v7e-m+fp/hard\libc_nano.a(libc_a-mallocr.o)
 .text._malloc_r
                0x0800b2ac      0x100 C:/ST/STM32CubeIDE_1.15.0/STM32CubeIDE/plugins/com.st.stm32cube.ide.mcu.externaltools.gnu-tools-for-stm32.12.3.rel1.win32_1.0.200.202406191623/tools/bin/../lib/gcc/arm-none-eabi/12.3.1/../../../../arm-none-eabi/lib/thumb/v7e-m+fp/hard\libc_nano.a(libc_a-mallocr.o)
                0x0800b2ac                _malloc_r
 .text.__malloc_lock