../Core/Src/main.c:1267:6:Startup	8	static
../Core/Src/main.c:1774:6:SystemHealthCheck	8	static,ignoring_inline_asm
../Core/Src/main.c:1288:6:FlashWrite	48	static,ignoring_inline_asm
../Core/Src/main.c:1626:6:CommunicationBoard	104	static,ignoring_inline_asm
../Core/Src/main.c:1725:6:FlightFSM	64	static,ignoring_inline_asm
../Core/Src/main.c:473:12:get_flash	0	static
../Core/Src/main.c:477:10:get_servo	0	static
../Core/Src/main.c:481:9:readAltitude	8	static
../Core/Src/main.c:1382:6:SensorsRead	80	static,ignoring_inline_asm
../Core/Src/main.c:489:6:Set_Flash_Flag	0	static
../Core/Src/main.c:493:6:Get_Flash_Flag	0	static
../Core/Src/main.c:815:6:SystemClock_Config	88	static,ignoring_inline_asm
../Core/Src/main.c:503:5:main	128	static,ignoring_inline_asm
../Core/Src/main.c:1806:6:HAL_TIM_PeriodElapsedCallback	0	static
../Core/Src/main.c:1823:6:Error_Handler	0	static,ignoring_inline_asm
